Component: ARM Compiler 5.06 update 3 (build 300) Tool: armlink [4d35c9]

==============================================================================

Section Cross References

    main.o(i.advertising_init) refers to mpu9250.o(i.ak8963_write_single) for ak8963_write_single
    main.o(i.advertising_init) refers to mpu9250.o(i.ak8963_read_registers) for ak8963_read_registers
    main.o(i.advertising_init) refers to memseta.o(.text) for __aeabi_memclr4
    main.o(i.advertising_init) refers to ble_advdata.o(i.ble_advdata_set) for ble_advdata_set
    main.o(i.advertising_init) refers to app_error.o(i.app_error_handler_bare) for app_error_handler_bare
    main.o(i.advertising_init) refers to nrf_log.o(i.log_rtt_printf) for log_rtt_printf
    main.o(i.advertising_init) refers to main.o(.data) for .data
    main.o(i.advertising_init) refers to main.o(.bss) for .bss
    main.o(i.assert_nrf_callback) refers to app_error.o(i.app_error_handler) for app_error_handler
    main.o(i.main) refers to app_timer.o(i.app_timer_init) for app_timer_init
    main.o(i.main) refers to app_error.o(i.app_error_handler_bare) for app_error_handler_bare
    main.o(i.main) refers to main.o(i.twi_init) for twi_init
    main.o(i.main) refers to main.o(i.mpu_setup) for mpu_setup
    main.o(i.main) refers to softdevice_handler.o(i.softdevice_handler_init) for softdevice_handler_init
    main.o(i.main) refers to softdevice_handler.o(i.softdevice_enable_get_default_config) for softdevice_enable_get_default_config
    main.o(i.main) refers to softdevice_handler.o(i.sd_check_ram_start) for sd_check_ram_start
    main.o(i.main) refers to softdevice_handler.o(i.softdevice_enable) for softdevice_enable
    main.o(i.main) refers to main.o(i.advertising_init) for advertising_init
    main.o(i.main) refers to nrf_log.o(i.log_rtt_printf) for log_rtt_printf
    main.o(i.main) refers to nrf_delay.o(i.nrf_delay_ms) for nrf_delay_ms
    main.o(i.main) refers to main.o(.bss) for .bss
    main.o(i.main) refers to main.o(.constdata) for .constdata
    main.o(i.mpu_setup) refers to mpu9250.o(i.mpu9250_init) for mpu9250_init
    main.o(i.mpu_setup) refers to app_error.o(i.app_error_handler_bare) for app_error_handler_bare
    main.o(i.mpu_setup) refers to mpu9250.o(i.mpu9250_config) for mpu9250_config
    main.o(i.mpu_setup) refers to mpu9250.o(i.mpu9250_int_cfg_pin) for mpu9250_int_cfg_pin
    main.o(i.mpu_setup) refers to main.o(.constdata) for .constdata
    main.o(i.twi_handler) refers to mpu9250.o(i.mpu9250_twi_event_handler) for mpu9250_twi_event_handler
    main.o(i.twi_init) refers to nrf_drv_twi.o(i.nrf_drv_twi_init) for nrf_drv_twi_init
    main.o(i.twi_init) refers to app_error.o(i.app_error_handler_bare) for app_error_handler_bare
    main.o(i.twi_init) refers to nrf_drv_twi.o(i.nrf_drv_twi_enable) for nrf_drv_twi_enable
    main.o(i.twi_init) refers to main.o(.constdata) for .constdata
    main.o(i.twi_init) refers to main.o(i.twi_handler) for twi_handler
    mpu9250.o(i.ak8963_read_registers) refers to nrf_drv_twi.o(i.nrf_drv_twi_tx) for nrf_drv_twi_tx
    mpu9250.o(i.ak8963_read_registers) refers to nrf_drv_twi.o(i.nrf_drv_twi_rx) for nrf_drv_twi_rx
    mpu9250.o(i.ak8963_read_registers) refers to mpu9250.o(.data) for .data
    mpu9250.o(i.ak8963_write_single) refers to nrf_drv_twi.o(i.nrf_drv_twi_tx) for nrf_drv_twi_tx
    mpu9250.o(i.ak8963_write_single) refers to mpu9250.o(.data) for .data
    mpu9250.o(i.mpu9250_config) refers to mpu9250.o(i.mpu9250_write_burst) for mpu9250_write_burst
    mpu9250.o(i.mpu9250_init) refers to mpu9250.o(i.mpu9250_write_single) for mpu9250_write_single
    mpu9250.o(i.mpu9250_init) refers to mpu9250.o(.data) for .data
    mpu9250.o(i.mpu9250_int_cfg_pin) refers to mpu9250.o(i.mpu9250_write_single) for mpu9250_write_single
    mpu9250.o(i.mpu9250_int_enable) refers to mpu9250.o(i.mpu9250_write_single) for mpu9250_write_single
    mpu9250.o(i.mpu9250_read_accel) refers to mpu9250.o(i.mpu9250_read_registers) for mpu9250_read_registers
    mpu9250.o(i.mpu9250_read_accel) refers to mpu9250.o(i.ak8963_write_single) for ak8963_write_single
    mpu9250.o(i.mpu9250_read_gyro) refers to mpu9250.o(i.mpu9250_read_registers) for mpu9250_read_registers
    mpu9250.o(i.mpu9250_read_mag) refers to mpu9250.o(i.mpu9250_read_registers) for mpu9250_read_registers
    mpu9250.o(i.mpu9250_read_mag) refers to mpu9250.o(i.mpu9250_write_single) for mpu9250_write_single
    mpu9250.o(i.mpu9250_read_registers) refers to nrf_drv_twi.o(i.nrf_drv_twi_tx) for nrf_drv_twi_tx
    mpu9250.o(i.mpu9250_read_registers) refers to nrf_drv_twi.o(i.nrf_drv_twi_rx) for nrf_drv_twi_rx
    mpu9250.o(i.mpu9250_read_registers) refers to mpu9250.o(.data) for .data
    mpu9250.o(i.mpu9250_read_temp) refers to mpu9250.o(i.mpu9250_read_registers) for mpu9250_read_registers
    mpu9250.o(i.mpu9250_twi_event_handler) refers to mpu9250.o(.data) for .data
    mpu9250.o(i.mpu9250_write_burst) refers to nrf_drv_twi.o(i.nrf_drv_twi_tx) for nrf_drv_twi_tx
[...]
    nrf_drv_twi.o(i.twi_rx_start_transfer) refers to nrf_drv_twi.o(i.twi_transfer) for twi_transfer
    nrf_drv_twi.o(i.twi_transfer) refers to nrf_drv_twi.o(i.nrf_twi_event_check) for nrf_twi_event_check
    nrf_drv_twi.o(i.twi_transfer) refers to nrf_drv_twi.o(i.twi_send_byte) for twi_send_byte
    nrf_drv_twi.o(i.twi_tx_start_transfer) refers to nrf_drv_twi.o(i.twi_send_byte) for twi_send_byte
    nrf_drv_twi.o(i.twi_tx_start_transfer) refers to nrf_drv_twi.o(i.twi_transfer) for twi_transfer
    nrf_drv_twi.o(i.twi_xfer) refers to nrf_drv_twi.o(i.twi_tx_start_transfer) for twi_tx_start_transfer
    nrf_drv_twi.o(i.twi_xfer) refers to nrf_drv_twi.o(i.twi_rx_start_transfer) for twi_rx_start_transfer
    app_button.o(i.app_button_disable) refers to nrf_drv_gpiote.o(i.nrf_drv_gpiote_in_event_disable) for nrf_drv_gpiote_in_event_disable
    app_button.o(i.app_button_disable) refers to app_timer.o(i.app_timer_stop) for app_timer_stop
    app_button.o(i.app_button_disable) refers to app_button.o(.data) for .data
    app_button.o(i.app_button_disable) refers to app_button.o(.constdata) for .constdata
    app_button.o(i.app_button_enable) refers to nrf_drv_gpiote.o(i.nrf_drv_gpiote_in_event_enable) for nrf_drv_gpiote_in_event_enable
    app_button.o(i.app_button_enable) refers to app_button.o(.data) for .data
    app_button.o(i.app_button_init) refers to nrf_drv_gpiote.o(i.nrf_drv_gpiote_is_init) for nrf_drv_gpiote_is_init
    app_button.o(i.app_button_init) refers to nrf_drv_gpiote.o(i.nrf_drv_gpiote_init) for nrf_drv_gpiote_init
    app_button.o(i.app_button_init) refers to nrf_drv_gpiote.o(i.nrf_drv_gpiote_in_init) for nrf_drv_gpiote_in_init
    app_button.o(i.app_button_init) refers to app_timer.o(i.app_timer_create) for app_timer_create
    app_button.o(i.app_button_init) refers to app_button.o(.data) for .data
    app_button.o(i.app_button_init) refers to app_button.o(.constdata) for .constdata
    app_button.o(i.app_button_init) refers to app_button.o(i.gpiote_event_handler) for gpiote_event_handler
    app_button.o(i.app_button_init) refers to app_button.o(i.detection_delay_timeout_handler) for detection_delay_timeout_handler
    app_button.o(i.app_button_is_pushed) refers to nrf_drv_gpiote.o(i.nrf_drv_gpiote_in_is_set) for nrf_drv_gpiote_in_is_set
    app_button.o(i.app_button_is_pushed) refers to app_button.o(.data) for .data
    app_button.o(i.detection_delay_timeout_handler) refers to nrf_drv_gpiote.o(i.nrf_drv_gpiote_in_is_set) for nrf_drv_gpiote_in_is_set
    app_button.o(i.detection_delay_timeout_handler) refers to app_button.o(.data) for .data
    app_button.o(i.gpiote_event_handler) refers to app_timer.o(i.app_timer_stop) for app_timer_stop
    app_button.o(i.gpiote_event_handler) refers to nrf_drv_gpiote.o(i.nrf_drv_gpiote_in_is_set) for nrf_drv_gpiote_in_is_set
    app_button.o(i.gpiote_event_handler) refers to app_timer.o(i.app_timer_start) for app_timer_start
    app_button.o(i.gpiote_event_handler) refers to app_button.o(.constdata) for .constdata
    app_button.o(i.gpiote_event_handler) refers to app_button.o(.data) for .data
    app_button.o(.constdata) refers to app_button.o(.bss) for m_detection_delay_timer_id_data
    app_error.o(i.app_error_handler) refers to app_error_weak.o(i.app_error_fault_handler) for app_error_fault_handler
    app_error.o(i.app_error_handler_bare) refers to app_error_weak.o(i.app_error_fault_handler) for app_error_fault_handler
    app_error.o(i.app_error_save_and_stop) refers to app_error.o(.bss) for .bss
    app_fifo.o(i.app_fifo_get) refers to app_fifo.o(i.fifo_get) for fifo_get
    app_fifo.o(i.app_fifo_put) refers to app_fifo.o(i.fifo_put) for fifo_put
    app_fifo.o(i.app_fifo_read) refers to app_fifo.o(i.fifo_get) for fifo_get
    app_fifo.o(i.app_fifo_write) refers to app_fifo.o(i.fifo_put) for fifo_put
    app_timer.o(i.RTC1_IRQHandler) refers to app_timer.o(i.timer_timeouts_check) for timer_timeouts_check
    app_timer.o(i.SWI0_IRQHandler) refers to app_timer.o(i.timer_list_handler) for timer_list_handler
    app_timer.o(i.app_timer_create) refers to app_timer.o(.data) for .data
    app_timer.o(i.app_timer_init) refers to app_timer.o(i.rtc1_stop) for rtc1_stop
    app_timer.o(i.app_timer_init) refers to app_timer.o(i.NVIC_SetPriority) for NVIC_SetPriority
    app_timer.o(i.app_timer_init) refers to app_timer.o(.data) for .data
    app_timer.o(i.app_timer_start) refers to app_timer.o(i.user_id_get) for user_id_get
    app_timer.o(i.app_timer_start) refers to app_timer.o(i.user_op_alloc) for user_op_alloc
    app_timer.o(i.app_timer_start) refers to app_timer.o(i.timer_list_handler_sched) for timer_list_handler_sched
    app_timer.o(i.app_timer_start) refers to app_timer.o(.data) for .data
    app_timer.o(i.app_timer_stop) refers to app_timer.o(i.user_id_get) for user_id_get
    app_timer.o(i.app_timer_stop) refers to app_timer.o(i.user_op_alloc) for user_op_alloc
    app_timer.o(i.app_timer_stop) refers to app_timer.o(i.timer_list_handler_sched) for timer_list_handler_sched
    app_timer.o(i.app_timer_stop) refers to app_timer.o(.data) for .data
    app_timer.o(i.app_timer_stop_all) refers to app_timer.o(i.user_id_get) for user_id_get
    app_timer.o(i.app_timer_stop_all) refers to app_timer.o(i.user_op_alloc) for user_op_alloc
    app_timer.o(i.app_timer_stop_all) refers to app_timer.o(i.timer_list_handler_sched) for timer_list_handler_sched
    app_timer.o(i.app_timer_stop_all) refers to app_timer.o(.data) for .data
    app_timer.o(i.compare_reg_update) refers to app_timer.o(.emb_text) for __asm___11_app_timer_c_cd27f9c3__nrf_delay_us
    app_timer.o(i.compare_reg_update) refers to app_timer.o(i.rtc1_stop) for rtc1_stop
    app_timer.o(i.compare_reg_update) refers to app_timer.o(.data) for .data
    app_timer.o(i.elapsed_ticks_acquire) refers to app_timer.o(.data) for .data
    app_timer.o(i.list_deletions_handler) refers to app_timer.o(.data) for .data
    app_timer.o(i.list_insertions_handler) refers to app_timer.o(i.timer_list_insert) for timer_list_insert
    app_timer.o(i.list_insertions_handler) refers to app_timer.o(.data) for .data
    app_timer.o(i.rtc1_stop) refers to app_timer.o(.emb_text) for __asm___11_app_timer_c_cd27f9c3__nrf_delay_us
    app_timer.o(i.rtc1_stop) refers to app_timer.o(.data) for .data
    app_timer.o(i.timer_list_handler) refers to app_timer.o(i.elapsed_ticks_acquire) for elapsed_ticks_acquire
    app_timer.o(i.timer_list_handler) refers to app_timer.o(i.list_deletions_handler) for list_deletions_handler
    app_timer.o(i.timer_list_handler) refers to app_timer.o(i.list_insertions_handler) for list_insertions_handler
    app_timer.o(i.timer_list_handler) refers to app_timer.o(i.compare_reg_update) for compare_reg_update
    app_timer.o(i.timer_list_handler) refers to app_timer.o(.data) for .data
    app_timer.o(i.timer_list_insert) refers to app_timer.o(.data) for .data
    app_timer.o(i.timer_timeouts_check) refers to app_error.o(i.app_error_handler_bare) for app_error_handler_bare
    app_timer.o(i.timer_timeouts_check) refers to app_timer.o(i.timer_list_handler_sched) for timer_list_handler_sched
    app_timer.o(i.timer_timeouts_check) refers to app_timer.o(.data) for .data
    app_util_platform.o(i.app_util_critical_region_enter) refers to softdevice_handler.o(.data) for nrf_nvic_state
    app_util_platform.o(i.app_util_critical_region_exit) refers to softdevice_handler.o(.data) for nrf_nvic_state
    app_util_platform.o(i.app_util_disable_irq) refers to app_util_platform.o(.data) for .data
    app_util_platform.o(i.app_util_enable_irq) refers to app_util_platform.o(.data) for .data
    nrf_log.o(i.log_hex) refers to nrf_log.o(.bss) for .bss
    nrf_log.o(i.log_hex_char) refers to nrf_log.o(.data) for .data
    nrf_log.o(i.log_rtt_init) refers to segger_rtt.o(i.SEGGER_RTT_ConfigUpBuffer) for SEGGER_RTT_ConfigUpBuffer
    nrf_log.o(i.log_rtt_init) refers to segger_rtt.o(i.SEGGER_RTT_ConfigDownBuffer) for SEGGER_RTT_ConfigDownBuffer
    nrf_log.o(i.log_rtt_init) refers to nrf_log.o(.data) for .data
    nrf_log.o(i.log_rtt_init) refers to nrf_log.o(.bss) for .bss
    nrf_log.o(i.log_rtt_printf) refers to segger_rtt_printf.o(i.SEGGER_RTT_vprintf) for SEGGER_RTT_vprintf
    nrf_log.o(i.log_rtt_read_input) refers to segger_rtt.o(i.SEGGER_RTT_Read) for SEGGER_RTT_Read
    nrf_log.o(i.log_rtt_write_hex) refers to segger_rtt.o(i.SEGGER_RTT_WriteString) for SEGGER_RTT_WriteString
    nrf_log.o(i.log_rtt_write_hex_char) refers to segger_rtt.o(i.SEGGER_RTT_WriteString) for SEGGER_RTT_WriteString
    rtt_syscalls_keil.o(i._sys_open) refers to strcmp.o(.text) for strcmp
    rtt_syscalls_keil.o(i._sys_open) refers to rtt_syscalls_keil.o(.constdata) for .constdata
    rtt_syscalls_keil.o(i._sys_write) refers to segger_rtt.o(i.SEGGER_RTT_Write) for SEGGER_RTT_Write
    rtt_syscalls_keil.o(i._ttywrch) refers to fputc.o(i.fputc) for fputc
    rtt_syscalls_keil.o(i._ttywrch) refers to stdout.o(.data) for __stdout
    segger_rtt.o(i.SEGGER_RTT_ConfigDownBuffer) refers to segger_rtt.o(i._DoInit) for _DoInit
    segger_rtt.o(i.SEGGER_RTT_ConfigDownBuffer) refers to segger_rtt.o(.bss) for .bss
    segger_rtt.o(i.SEGGER_RTT_ConfigUpBuffer) refers to segger_rtt.o(i._DoInit) for _DoInit
    segger_rtt.o(i.SEGGER_RTT_ConfigUpBuffer) refers to segger_rtt.o(.bss) for .bss
    segger_rtt.o(i.SEGGER_RTT_GetKey) refers to segger_rtt.o(i.SEGGER_RTT_Read) for SEGGER_RTT_Read
    segger_rtt.o(i.SEGGER_RTT_HasData) refers to segger_rtt.o(.bss) for .bss
    segger_rtt.o(i.SEGGER_RTT_HasKey) refers to segger_rtt.o(i._DoInit) for _DoInit
    segger_rtt.o(i.SEGGER_RTT_HasKey) refers to segger_rtt.o(.bss) for .bss
    segger_rtt.o(i.SEGGER_RTT_Init) refers to segger_rtt.o(i._DoInit) for _DoInit
    segger_rtt.o(i.SEGGER_RTT_Init) refers to segger_rtt.o(.bss) for .bss
    segger_rtt.o(i.SEGGER_RTT_Read) refers to segger_rtt.o(i.SEGGER_RTT_ReadNoLock) for SEGGER_RTT_ReadNoLock
    segger_rtt.o(i.SEGGER_RTT_ReadNoLock) refers to segger_rtt.o(i._DoInit) for _DoInit
    segger_rtt.o(i.SEGGER_RTT_ReadNoLock) refers to memcpya.o(.text) for __aeabi_memcpy
    segger_rtt.o(i.SEGGER_RTT_ReadNoLock) refers to segger_rtt.o(.bss) for .bss
    segger_rtt.o(i.SEGGER_RTT_SetNameDownBuffer) refers to segger_rtt.o(i._DoInit) for _DoInit
    segger_rtt.o(i.SEGGER_RTT_SetNameDownBuffer) refers to segger_rtt.o(.bss) for .bss
    segger_rtt.o(i.SEGGER_RTT_SetNameUpBuffer) refers to segger_rtt.o(i._DoInit) for _DoInit
    segger_rtt.o(i.SEGGER_RTT_SetNameUpBuffer) refers to segger_rtt.o(.bss) for .bss
    segger_rtt.o(i.SEGGER_RTT_SetTerminal) refers to segger_rtt.o(i._DoInit) for _DoInit
    segger_rtt.o(i.SEGGER_RTT_SetTerminal) refers to segger_rtt.o(i._GetAvailWriteSpace) for _GetAvailWriteSpace
    segger_rtt.o(i.SEGGER_RTT_SetTerminal) refers to segger_rtt.o(i._WriteNoCheck) for _WriteNoCheck
    segger_rtt.o(i.SEGGER_RTT_SetTerminal) refers to segger_rtt.o(i._WriteBlocking) for _WriteBlocking
    segger_rtt.o(i.SEGGER_RTT_SetTerminal) refers to segger_rtt.o(.bss) for .bss
    segger_rtt.o(i.SEGGER_RTT_SetTerminal) refers to segger_rtt.o(.data) for .data
    segger_rtt.o(i.SEGGER_RTT_TerminalOut) refers to segger_rtt.o(i._DoInit) for _DoInit
    segger_rtt.o(i.SEGGER_RTT_TerminalOut) refers to strlen.o(.text) for strlen
    segger_rtt.o(i.SEGGER_RTT_TerminalOut) refers to segger_rtt.o(i._GetAvailWriteSpace) for _GetAvailWriteSpace
    segger_rtt.o(i.SEGGER_RTT_TerminalOut) refers to segger_rtt.o(i._PostTerminalSwitch) for _PostTerminalSwitch
    segger_rtt.o(i.SEGGER_RTT_TerminalOut) refers to segger_rtt.o(i._WriteBlocking) for _WriteBlocking
    segger_rtt.o(i.SEGGER_RTT_TerminalOut) refers to segger_rtt.o(.bss) for .bss
    segger_rtt.o(i.SEGGER_RTT_TerminalOut) refers to segger_rtt.o(.data) for .data
    segger_rtt.o(i.SEGGER_RTT_WaitKey) refers to segger_rtt.o(i.SEGGER_RTT_GetKey) for SEGGER_RTT_GetKey
    segger_rtt.o(i.SEGGER_RTT_Write) refers to segger_rtt.o(i._DoInit) for _DoInit
    segger_rtt.o(i.SEGGER_RTT_Write) refers to segger_rtt.o(i.SEGGER_RTT_WriteNoLock) for SEGGER_RTT_WriteNoLock
    segger_rtt.o(i.SEGGER_RTT_Write) refers to segger_rtt.o(.bss) for .bss
    segger_rtt.o(i.SEGGER_RTT_WriteNoLock) refers to segger_rtt.o(i._GetAvailWriteSpace) for _GetAvailWriteSpace
    segger_rtt.o(i.SEGGER_RTT_WriteNoLock) refers to segger_rtt.o(i._WriteNoCheck) for _WriteNoCheck
    segger_rtt.o(i.SEGGER_RTT_WriteNoLock) refers to segger_rtt.o(i._WriteBlocking) for _WriteBlocking
    segger_rtt.o(i.SEGGER_RTT_WriteNoLock) refers to segger_rtt.o(.bss) for .bss
    segger_rtt.o(i.SEGGER_RTT_WriteSkipNoLock) refers to memcpya.o(.text) for __aeabi_memcpy
    segger_rtt.o(i.SEGGER_RTT_WriteSkipNoLock) refers to segger_rtt.o(.bss) for .bss
    segger_rtt.o(i.SEGGER_RTT_WriteString) refers to strlen.o(.text) for strlen
    segger_rtt.o(i.SEGGER_RTT_WriteString) refers to segger_rtt.o(i.SEGGER_RTT_Write) for SEGGER_RTT_Write
    segger_rtt.o(i._DoInit) refers to strcpy.o(.text) for strcpy
    segger_rtt.o(i._DoInit) refers to segger_rtt.o(.bss) for .bss
    segger_rtt.o(i._PostTerminalSwitch) refers to segger_rtt.o(i._WriteBlocking) for _WriteBlocking
    segger_rtt.o(i._PostTerminalSwitch) refers to segger_rtt.o(.data) for .data
    segger_rtt.o(i._WriteBlocking) refers to memcpya.o(.text) for __aeabi_memcpy
    segger_rtt.o(i._WriteNoCheck) refers to memcpya.o(.text) for __aeabi_memcpy
    segger_rtt_printf.o(i.SEGGER_RTT_printf) refers to segger_rtt_printf.o(i.SEGGER_RTT_vprintf) for SEGGER_RTT_vprintf
    segger_rtt_printf.o(i.SEGGER_RTT_vprintf) refers to segger_rtt_printf.o(i._StoreChar) for _StoreChar
    segger_rtt_printf.o(i.SEGGER_RTT_vprintf) refers to segger_rtt_printf.o(i._PrintInt) for _PrintInt
    segger_rtt_printf.o(i.SEGGER_RTT_vprintf) refers to segger_rtt_printf.o(i._PrintUnsigned) for _PrintUnsigned
    segger_rtt_printf.o(i.SEGGER_RTT_vprintf) refers to segger_rtt.o(i.SEGGER_RTT_Write) for SEGGER_RTT_Write
    segger_rtt_printf.o(i._PrintInt) refers to idiv.o(.text) for __aeabi_idivmod
    segger_rtt_printf.o(i._PrintInt) refers to segger_rtt_printf.o(i._StoreChar) for _StoreChar
    segger_rtt_printf.o(i._PrintInt) refers to segger_rtt_printf.o(i._PrintUnsigned) for _PrintUnsigned
    segger_rtt_printf.o(i._PrintUnsigned) refers to uidiv.o(.text) for __aeabi_uidivmod
    segger_rtt_printf.o(i._PrintUnsigned) refers to segger_rtt_printf.o(i._StoreChar) for _StoreChar
    segger_rtt_printf.o(i._PrintUnsigned) refers to segger_rtt_printf.o(.constdata) for .constdata
    segger_rtt_printf.o(i._StoreChar) refers to segger_rtt.o(i.SEGGER_RTT_Write) for SEGGER_RTT_Write
    softdevice_handler.o(i.SWI2_IRQHandler) refers to app_error.o(i.app_error_handler_bare) for app_error_handler_bare
    softdevice_handler.o(i.SWI2_IRQHandler) refers to softdevice_handler.o(i.intern_softdevice_events_execute) for intern_softdevice_events_execute
    softdevice_handler.o(i.SWI2_IRQHandler) refers to softdevice_handler.o(.data) for .data
    softdevice_handler.o(i.intern_softdevice_events_execute) refers to app_error.o(i.app_error_handler_bare) for app_error_handler_bare
    softdevice_handler.o(i.intern_softdevice_events_execute) refers to softdevice_handler.o(.data) for .data
    softdevice_handler.o(i.sd_check_ram_start) refers to softdevice_handler.o(i.ram_end_address_get) for ram_end_address_get
    softdevice_handler.o(i.sd_check_ram_start) refers to nrf_log.o(i.log_rtt_printf) for log_rtt_printf
    softdevice_handler.o(i.sd_nvic_EnableIRQ) refers to softdevice_handler.o(.data) for .data
    softdevice_handler.o(i.softdevice_ble_evt_handler_set) refers to softdevice_handler.o(.data) for .data
    softdevice_handler.o(i.softdevice_enable) refers to nrf_log.o(i.log_rtt_printf) for log_rtt_printf
    softdevice_handler.o(i.softdevice_enable) refers to softdevice_handler.o(i.ram_end_address_get) for ram_end_address_get
    softdevice_handler.o(i.softdevice_enable_get_default_config) refers to memseta.o(.text) for __aeabi_memclr4
    softdevice_handler.o(i.softdevice_fault_handler) refers to app_error_weak.o(i.app_error_fault_handler) for app_error_fault_handler
    softdevice_handler.o(i.softdevice_handler_init) refers to nrf_log.o(i.log_rtt_init) for log_rtt_init
    softdevice_handler.o(i.softdevice_handler_init) refers to softdevice_handler.o(i.sd_nvic_EnableIRQ) for sd_nvic_EnableIRQ
    softdevice_handler.o(i.softdevice_handler_init) refers to softdevice_handler.o(.data) for .data
    softdevice_handler.o(i.softdevice_handler_init) refers to softdevice_handler.o(i.softdevice_fault_handler) for softdevice_fault_handler
    softdevice_handler.o(i.softdevice_handler_isEnabled) refers to softdevice_handler.o(.data) for .data
    softdevice_handler.o(i.softdevice_handler_sd_disable) refers to softdevice_handler.o(.data) for .data
    softdevice_handler.o(i.softdevice_sys_evt_handler_set) refers to softdevice_handler.o(.data) for .data
    arm_startup_nrf51.o(RESET) refers to arm_startup_nrf51.o(STACK) for __initial_sp
    arm_startup_nrf51.o(RESET) refers to arm_startup_nrf51.o(.text) for Reset_Handler
    arm_startup_nrf51.o(RESET) refers to nrf_drv_uart.o(i.UART0_IRQHandler) for UART0_IRQHandler
    arm_startup_nrf51.o(RESET) refers to nrf_drv_twi.o(i.SPI0_TWI0_IRQHandler) for SPI0_TWI0_IRQHandler
    arm_startup_nrf51.o(RESET) refers to nrf_drv_gpiote.o(i.GPIOTE_IRQHandler) for GPIOTE_IRQHandler
    arm_startup_nrf51.o(RESET) refers to app_timer.o(i.RTC1_IRQHandler) for RTC1_IRQHandler
    arm_startup_nrf51.o(RESET) refers to app_timer.o(i.SWI0_IRQHandler) for SWI0_IRQHandler
    arm_startup_nrf51.o(RESET) refers to softdevice_handler.o(i.SWI2_IRQHandler) for SWI2_IRQHandler
    arm_startup_nrf51.o(.text) refers to system_nrf51.o(i.SystemInit) for SystemInit
    arm_startup_nrf51.o(.text) refers to entry.o(.ARM.Collect$$$$00000000) for __main
    system_nrf51.o(i.SystemCoreClockUpdate) refers to system_nrf51.o(.data) for .data
    system_nrf51.o(i.SystemInit) refers to system_nrf51.o(i.is_manual_peripheral_setup_needed) for is_manual_peripheral_setup_needed
    entry.o(.ARM.Collect$$$$00000000) refers (Special) to entry10a.o(.ARM.Collect$$$$0000000D) for __rt_final_cpp
    entry.o(.ARM.Collect$$$$00000000) refers (Special) to entry11a.o(.ARM.Collect$$$$0000000F) for __rt_final_exit
    entry.o(.ARM.Collect$$$$00000000) refers (Special) to entry7b.o(.ARM.Collect$$$$00000008) for _main_clock
    entry.o(.ARM.Collect$$$$00000000) refers (Special) to entry8b.o(.ARM.Collect$$$$0000000A) for _main_cpp_init
    entry.o(.ARM.Collect$$$$00000000) refers (Special) to entry9a.o(.ARM.Collect$$$$0000000B) for _main_init
    entry.o(.ARM.Collect$$$$00000000) refers (Special) to entry5.o(.ARM.Collect$$$$00000004) for _main_scatterload
    entry.o(.ARM.Collect$$$$00000000) refers (Special) to entry2.o(.ARM.Collect$$$$00000001) for _main_stk
    fputc.o(i.fputc) refers (Special) to iusesemip.o(.text) for __I$use$semihosting$fputc
    fputc.o(i.fputc) refers (Special) to semi.o(.text) for __semihosting_library_function
    idiv.o(.text) refers to uidiv.o(.text) for __aeabi_uidivmod
    entry2.o(.ARM.Collect$$$$00000001) refers to entry2.o(.ARM.Collect$$$$00002712) for __lit__00000000
    entry2.o(.ARM.Collect$$$$00002712) refers to arm_startup_nrf51.o(STACK) for __initial_sp
    entry2.o(__vectab_stack_and_reset_area) refers to arm_startup_nrf51.o(STACK) for __initial_sp
    entry2.o(__vectab_stack_and_reset_area) refers to entry.o(.ARM.Collect$$$$00000000) for __main
    entry5.o(.ARM.Collect$$$$00000004) refers to init.o(.text) for __scatterload
    entry9a.o(.ARM.Collect$$$$0000000B) refers to main.o(i.main) for main
    entry9b.o(.ARM.Collect$$$$0000000C) refers to main.o(i.main) for main
    init.o(.text) refers to entry5.o(.ARM.Collect$$$$00000004) for __main_after_scatterload
    nrf_log.o(i.log_rtt_write_string) refers to segger_rtt.o(i.SEGGER_RTT_WriteString) for SEGGER_RTT_WriteString
    nrf_log.o(i.log_rtt_has_input) refers to segger_rtt.o(i.SEGGER_RTT_HasKey) for SEGGER_RTT_HasKey


==============================================================================

Removing Unused input sections from the image.

    Removing main.o(.rev16_text), (4 bytes).
    Removing main.o(.revsh_text), (4 bytes).
    Removing main.o(.emb_text), (30 bytes).
    Removing main.o(i.assert_nrf_callback), (20 bytes).
    Removing mpu9250.o(.rev16_text), (4 bytes).
    Removing mpu9250.o(.revsh_text), (4 bytes).
    Removing mpu9250.o(i.mpu9250_int_enable), (12 bytes).
    Removing mpu9250.o(i.mpu9250_read_accel), (52 bytes).
    Removing mpu9250.o(i.mpu9250_read_gyro), (44 bytes).
    Removing mpu9250.o(i.mpu9250_read_mag), (52 bytes).
    Removing mpu9250.o(i.mpu9250_read_registers), (84 bytes).
    Removing mpu9250.o(i.mpu9250_read_temp), (34 bytes).
    Removing mpu9250.o(i.read_registers), (48 bytes).
    Removing ble_advdata.o(.rev16_text), (4 bytes).
    Removing ble_advdata.o(.revsh_text), (4 bytes).
    Removing ble_conn_params.o(.rev16_text), (4 bytes).
    Removing ble_conn_params.o(.revsh_text), (4 bytes).
    Removing ble_conn_params.o(i.ble_conn_params_change_conn_params), (80 bytes).
    Removing ble_conn_params.o(i.ble_conn_params_init), (84 bytes).
    Removing ble_conn_params.o(i.ble_conn_params_on_ble_evt), (144 bytes).
    Removing ble_conn_params.o(i.ble_conn_params_stop), (16 bytes).
    Removing ble_conn_params.o(i.conn_params_negotiation), (104 bytes).
    Removing ble_conn_params.o(i.is_conn_params_ok), (28 bytes).
    Removing ble_conn_params.o(i.update_timeout_handler), (100 bytes).
    Removing ble_conn_params.o(.bss), (32 bytes).
    Removing ble_conn_params.o(.bss), (28 bytes).
    Removing ble_conn_params.o(.constdata), (4 bytes).
    Removing ble_conn_params.o(.data), (20 bytes).
    Removing ble_srv_common.o(.rev16_text), (4 bytes).
    Removing ble_srv_common.o(.revsh_text), (4 bytes).
    Removing ble_srv_common.o(i.ble_srv_ascii_to_utf8), (18 bytes).
    Removing ble_srv_common.o(i.ble_srv_report_ref_encode), (12 bytes).
    Removing ble_srv_common.o(i.characteristic_add), (400 bytes).
    Removing ble_srv_common.o(i.descriptor_add), (176 bytes).
    Removing ble_srv_common.o(i.set_security_req), (46 bytes).
    Removing app_uart_fifo.o(.rev16_text), (4 bytes).
    Removing app_uart_fifo.o(.revsh_text), (4 bytes).
    Removing app_uart_fifo.o(i.app_uart_close), (10 bytes).
    Removing app_uart_fifo.o(i.app_uart_flush), (28 bytes).
    Removing app_uart_fifo.o(i.app_uart_get), (52 bytes).
    Removing app_uart_fifo.o(i.app_uart_init), (160 bytes).
    Removing app_uart_fifo.o(i.app_uart_put), (56 bytes).
    Removing app_uart_fifo.o(i.uart_event_handler), (176 bytes).
    Removing app_uart_fifo.o(.bss), (32 bytes).
    Removing app_uart_fifo.o(.constdata), (32 bytes).
    Removing app_uart_fifo.o(.data), (8 bytes).
    Removing nrf_delay.o(.rev16_text), (4 bytes).
    Removing nrf_delay.o(.revsh_text), (4 bytes).
    Removing nrf_drv_common.o(.rev16_text), (4 bytes).
    Removing nrf_drv_common.o(.revsh_text), (4 bytes).
    Removing nrf_drv_gpiote.o(.rev16_text), (4 bytes).
    Removing nrf_drv_gpiote.o(.revsh_text), (4 bytes).
    Removing nrf_drv_gpiote.o(i.channel_free), (28 bytes).
    Removing nrf_drv_gpiote.o(i.channel_port_alloc), (72 bytes).
    Removing nrf_drv_gpiote.o(i.nrf_drv_gpiote_in_event_addr_get), (24 bytes).
    Removing nrf_drv_gpiote.o(i.nrf_drv_gpiote_in_event_disable), (72 bytes).
    Removing nrf_drv_gpiote.o(i.nrf_drv_gpiote_in_event_enable), (160 bytes).
    Removing nrf_drv_gpiote.o(i.nrf_drv_gpiote_in_init), (164 bytes).
    Removing nrf_drv_gpiote.o(i.nrf_drv_gpiote_in_is_set), (20 bytes).
    Removing nrf_drv_gpiote.o(i.nrf_drv_gpiote_in_uninit), (76 bytes).
    Removing nrf_drv_gpiote.o(i.nrf_drv_gpiote_init), (84 bytes).
    Removing nrf_drv_gpiote.o(i.nrf_drv_gpiote_is_init), (16 bytes).
    Removing nrf_drv_gpiote.o(i.nrf_drv_gpiote_out_clear), (16 bytes).
    Removing nrf_drv_gpiote.o(i.nrf_drv_gpiote_out_init), (152 bytes).
    Removing nrf_drv_gpiote.o(i.nrf_drv_gpiote_out_set), (16 bytes).
    Removing nrf_drv_gpiote.o(i.nrf_drv_gpiote_out_task_addr_get), (20 bytes).
    Removing nrf_drv_gpiote.o(i.nrf_drv_gpiote_out_task_disable), (32 bytes).
    Removing nrf_drv_gpiote.o(i.nrf_drv_gpiote_out_task_enable), (48 bytes).
    Removing nrf_drv_gpiote.o(i.nrf_drv_gpiote_out_task_force), (44 bytes).
    Removing nrf_drv_gpiote.o(i.nrf_drv_gpiote_out_task_trigger), (24 bytes).
    Removing nrf_drv_gpiote.o(i.nrf_drv_gpiote_out_toggle), (24 bytes).
    Removing nrf_drv_gpiote.o(i.nrf_drv_gpiote_out_uninit), (68 bytes).
    Removing nrf_drv_gpiote.o(i.nrf_drv_gpiote_uninit), (56 bytes).
    Removing nrf_drv_gpiote.o(i.nrf_gpio_cfg), (36 bytes).
    Removing nrf_drv_gpiote.o(i.nrf_gpio_cfg_default), (18 bytes).
    Removing nrf_drv_gpiote.o(i.pin_in_use_by_port), (24 bytes).
    Removing nrf_drv_gpiote.o(i.pin_in_use_by_te), (24 bytes).
    Removing nrf_drv_uart.o(.rev16_text), (4 bytes).
    Removing nrf_drv_uart.o(.revsh_text), (4 bytes).
    Removing nrf_drv_uart.o(i.nrf_drv_uart_errorsrc_get), (28 bytes).
    Removing nrf_drv_uart.o(i.nrf_drv_uart_init), (200 bytes).
    Removing nrf_drv_uart.o(i.nrf_drv_uart_rx), (76 bytes).
    Removing nrf_drv_uart.o(i.nrf_drv_uart_rx_abort), (24 bytes).
    Removing nrf_drv_uart.o(i.nrf_drv_uart_rx_disable), (24 bytes).
    Removing nrf_drv_uart.o(i.nrf_drv_uart_rx_enable), (24 bytes).
    Removing nrf_drv_uart.o(i.nrf_drv_uart_rx_for_uart), (156 bytes).
    Removing nrf_drv_uart.o(i.nrf_drv_uart_tx), (36 bytes).
    Removing nrf_drv_uart.o(i.nrf_drv_uart_tx_abort), (44 bytes).
    Removing nrf_drv_uart.o(i.nrf_drv_uart_tx_for_uart), (116 bytes).
    Removing nrf_drv_uart.o(i.nrf_drv_uart_tx_in_progress), (16 bytes).
    Removing nrf_drv_uart.o(i.nrf_drv_uart_uninit), (108 bytes).
    Removing nrf_drv_uart.o(i.nrf_gpio_cfg), (36 bytes).
    Removing nrf_drv_uart.o(i.nrf_gpio_cfg_default), (18 bytes).
    Removing nrf_drv_uart.o(i.nrf_gpio_cfg_input), (18 bytes).
    Removing nrf_drv_uart.o(i.nrf_gpio_cfg_output), (20 bytes).
    Removing nrf_drv_uart.o(i.rx_enable), (28 bytes).
    Removing nrf_drv_uart.o(.constdata), (32 bytes).
    Removing nrf_drv_twi.o(.rev16_text), (4 bytes).
    Removing nrf_drv_twi.o(.revsh_text), (4 bytes).
    Removing nrf_drv_twi.o(i.nrf_drv_twi_data_count_get), (20 bytes).
    Removing nrf_drv_twi.o(i.nrf_drv_twi_disable), (56 bytes).
    Removing nrf_drv_twi.o(i.nrf_drv_twi_start_task_get), (16 bytes).
    Removing nrf_drv_twi.o(i.nrf_drv_twi_stopped_event_get), (8 bytes).
    Removing nrf_drv_twi.o(i.nrf_drv_twi_uninit), (52 bytes).
    Removing app_button.o(.rev16_text), (4 bytes).
    Removing app_button.o(.revsh_text), (4 bytes).
    Removing app_button.o(i.app_button_disable), (44 bytes).
    Removing app_button.o(i.app_button_enable), (36 bytes).
    Removing app_button.o(i.app_button_init), (116 bytes).
    Removing app_button.o(i.app_button_is_pushed), (44 bytes).
    Removing app_button.o(i.detection_delay_timeout_handler), (96 bytes).
    Removing app_button.o(i.gpiote_event_handler), (80 bytes).
    Removing app_button.o(.bss), (32 bytes).
    Removing app_button.o(.constdata), (8 bytes).
    Removing app_button.o(.data), (20 bytes).
    Removing app_error.o(.rev16_text), (4 bytes).
    Removing app_error.o(.revsh_text), (4 bytes).
    Removing app_error.o(i.app_error_handler), (28 bytes).
    Removing app_error.o(i.app_error_save_and_stop), (100 bytes).
    Removing app_error.o(.bss), (32 bytes).
    Removing app_error_weak.o(.rev16_text), (4 bytes).
    Removing app_error_weak.o(.revsh_text), (4 bytes).
    Removing app_fifo.o(.rev16_text), (4 bytes).
    Removing app_fifo.o(.revsh_text), (4 bytes).
    Removing app_fifo.o(i.app_fifo_flush), (8 bytes).
    Removing app_fifo.o(i.app_fifo_get), (22 bytes).
    Removing app_fifo.o(i.app_fifo_init), (36 bytes).
    Removing app_fifo.o(i.app_fifo_peek), (34 bytes).
    Removing app_fifo.o(i.app_fifo_put), (26 bytes).
    Removing app_fifo.o(i.app_fifo_read), (72 bytes).
    Removing app_fifo.o(i.app_fifo_write), (78 bytes).
    Removing app_fifo.o(i.fifo_get), (20 bytes).
    Removing app_fifo.o(i.fifo_put), (18 bytes).
    Removing app_timer.o(.rev16_text), (4 bytes).
    Removing app_timer.o(.revsh_text), (4 bytes).
    Removing app_timer.o(i.app_timer_cnt_diff_compute), (12 bytes).
    Removing app_timer.o(i.app_timer_cnt_get), (16 bytes).
    Removing app_timer.o(i.app_timer_create), (44 bytes).
    Removing app_timer.o(i.app_timer_start), (124 bytes).
    Removing app_timer.o(i.app_timer_stop), (84 bytes).
    Removing app_timer.o(i.app_timer_stop_all), (68 bytes).
    Removing app_timer.o(i.user_id_get), (84 bytes).
    Removing app_timer.o(i.user_op_alloc), (38 bytes).
    Removing app_util_platform.o(.rev16_text), (4 bytes).
    Removing app_util_platform.o(.revsh_text), (4 bytes).
    Removing app_util_platform.o(i.app_util_critical_region_enter), (60 bytes).
    Removing app_util_platform.o(i.app_util_critical_region_exit), (44 bytes).
    Removing app_util_platform.o(i.app_util_disable_irq), (16 bytes).
    Removing app_util_platform.o(i.app_util_enable_irq), (20 bytes).
    Removing app_util_platform.o(.data), (4 bytes).
    Removing nrf_assert.o(.rev16_text), (4 bytes).
    Removing nrf_assert.o(.revsh_text), (4 bytes).
    Removing nrf_log.o(.rev16_text), (4 bytes).
    Removing nrf_log.o(.revsh_text), (4 bytes).
    Removing nrf_log.o(i.log_hex), (64 bytes).
    Removing nrf_log.o(i.log_hex_char), (56 bytes).
    Removing nrf_log.o(i.log_rtt_read_input), (24 bytes).
    Removing nrf_log.o(i.log_rtt_write_hex), (66 bytes).
    Removing nrf_log.o(i.log_rtt_write_hex_char), (58 bytes).
    Removing rtt_syscalls_keil.o(i._sys_close), (4 bytes).
    Removing rtt_syscalls_keil.o(i._sys_command_string), (2 bytes).
    Removing rtt_syscalls_keil.o(i._sys_ensure), (6 bytes).
    Removing rtt_syscalls_keil.o(i._sys_exit), (2 bytes).
    Removing rtt_syscalls_keil.o(i._sys_flen), (4 bytes).
    Removing rtt_syscalls_keil.o(i._sys_istty), (16 bytes).
    Removing rtt_syscalls_keil.o(i._sys_open), (52 bytes).
    Removing rtt_syscalls_keil.o(i._sys_read), (4 bytes).
    Removing rtt_syscalls_keil.o(i._sys_seek), (4 bytes).
    Removing rtt_syscalls_keil.o(i._sys_tmpnam), (4 bytes).
    Removing rtt_syscalls_keil.o(i._sys_write), (28 bytes).
    Removing rtt_syscalls_keil.o(i._ttywrch), (20 bytes).
    Removing rtt_syscalls_keil.o(.constdata), (6 bytes).
    Removing rtt_syscalls_keil.o(.constdata), (14 bytes).
    Removing segger_rtt.o(i.SEGGER_RTT_GetKey), (28 bytes).
    Removing segger_rtt.o(i.SEGGER_RTT_HasData), (20 bytes).
    Removing segger_rtt.o(i.SEGGER_RTT_HasKey), (36 bytes).
    Removing segger_rtt.o(i.SEGGER_RTT_Init), (20 bytes).
    Removing segger_rtt.o(i.SEGGER_RTT_Read), (8 bytes).
    Removing segger_rtt.o(i.SEGGER_RTT_ReadNoLock), (128 bytes).
    Removing segger_rtt.o(i.SEGGER_RTT_SetNameDownBuffer), (48 bytes).
    Removing segger_rtt.o(i.SEGGER_RTT_SetNameUpBuffer), (48 bytes).
    Removing segger_rtt.o(i.SEGGER_RTT_SetTerminal), (104 bytes).
    Removing segger_rtt.o(i.SEGGER_RTT_TerminalOut), (148 bytes).
    Removing segger_rtt.o(i.SEGGER_RTT_WaitKey), (12 bytes).
    Removing segger_rtt.o(i.SEGGER_RTT_WriteSkipNoLock), (108 bytes).
    Removing segger_rtt.o(i.SEGGER_RTT_WriteString), (24 bytes).
    Removing segger_rtt.o(i._PostTerminalSwitch), (32 bytes).
    Removing segger_rtt.o(.data), (17 bytes).
    Removing segger_rtt_printf.o(i.SEGGER_RTT_printf), (24 bytes).
    Removing softdevice_handler.o(.rev16_text), (4 bytes).
    Removing softdevice_handler.o(.revsh_text), (4 bytes).
    Removing softdevice_handler.o(i.softdevice_ble_evt_handler_set), (20 bytes).
    Removing softdevice_handler.o(i.softdevice_handler_isEnabled), (12 bytes).
    Removing softdevice_handler.o(i.softdevice_handler_sd_disable), (24 bytes).
    Removing softdevice_handler.o(i.softdevice_sys_evt_handler_set), (20 bytes).
    Removing arm_startup_nrf51.o(HEAP), (2048 bytes).
    Removing system_nrf51.o(.rev16_text), (4 bytes).
    Removing system_nrf51.o(.revsh_text), (4 bytes).
    Removing system_nrf51.o(i.SystemCoreClockUpdate), (16 bytes).
    Removing ble_srv_common.o(i.__ARM_common_switch8), (26 bytes).
    Removing nrf_log.o(i.log_rtt_write_string), (36 bytes).
    Removing nrf_log.o(i.log_rtt_has_input), (8 bytes).

202 unused section(s) (total 9877 bytes) removed from the image.

==============================================================================

Image Symbol Table

    Local Symbols

    Symbol Name                              Value     Ov Type        Size  Object(Section)

    ../clib/microlib/division.c              0x00000000   Number         0  idiv.o ABSOLUTE
    ../clib/microlib/division.c              0x00000000   Number         0  uidiv.o ABSOLUTE
    ../clib/microlib/init/entry.s            0x00000000   Number         0  entry11a.o ABSOLUTE
    ../clib/microlib/init/entry.s            0x00000000   Number         0  entry7a.o ABSOLUTE
    ../clib/microlib/init/entry.s            0x00000000   Number         0  entry.o ABSOLUTE
    ../clib/microlib/init/entry.s            0x00000000   Number         0  entry9a.o ABSOLUTE
    ../clib/microlib/init/entry.s            0x00000000   Number         0  entry9b.o ABSOLUTE
    ../clib/microlib/init/entry.s            0x00000000   Number         0  entry10a.o ABSOLUTE
    ../clib/microlib/init/entry.s            0x00000000   Number         0  entry8b.o ABSOLUTE
    ../clib/microlib/init/entry.s            0x00000000   Number         0  entry11b.o ABSOLUTE
    ../clib/microlib/init/entry.s            0x00000000   Number         0  entry10b.o ABSOLUTE
    ../clib/microlib/init/entry.s            0x00000000   Number         0  entry8a.o ABSOLUTE
    ../clib/microlib/init/entry.s            0x00000000   Number         0  entry7b.o ABSOLUTE
    ../clib/microlib/init/entry.s            0x00000000   Number         0  entry5.o ABSOLUTE
    ../clib/microlib/init/entry.s            0x00000000   Number         0  entry2.o ABSOLUTE
    ../clib/microlib/stdio/fflush.c          0x00000000   Number         0  fflush.o ABSOLUTE
    ../clib/microlib/stdio/fputc.c           0x00000000   Number         0  fputc.o ABSOLUTE
    ../clib/microlib/stdio/semi.s            0x00000000   Number         0  semi.o ABSOLUTE
    ../clib/microlib/stdio/streams.c         0x00000000   Number         0  stdout.o ABSOLUTE
    ../clib/microlib/string/memcpy.c         0x00000000   Number         0  memcpya.o ABSOLUTE
    ../clib/microlib/string/memcpy.c         0x00000000   Number         0  memcpyb.o ABSOLUTE
    ../clib/microlib/string/memset.c         0x00000000   Number         0  memseta.o ABSOLUTE
    ../clib/microlib/string/strcmp.c         0x00000000   Number         0  strcmp.o ABSOLUTE
    ../clib/microlib/string/strcpy.c         0x00000000   Number         0  strcpy.o ABSOLUTE
    ../clib/microlib/string/strlen.c         0x00000000   Number         0  strlen.o ABSOLUTE
    ../clib/microlib/stubs.s                 0x00000000   Number         0  iusesemip.o ABSOLUTE
    ..\..\..\..\..\..\components\ble\common\ble_advdata.c 0x00000000   Number         0  ble_advdata.o ABSOLUTE
    ..\..\..\..\..\..\components\ble\common\ble_conn_params.c 0x00000000   Number         0  ble_conn_params.o ABSOLUTE
    ..\..\..\..\..\..\components\ble\common\ble_srv_common.c 0x00000000   Number         0  ble_srv_common.o ABSOLUTE
    ..\..\..\..\..\..\components\drivers_nrf\common\nrf_drv_common.c 0x00000000   Number         0  nrf_drv_common.o ABSOLUTE
    ..\..\..\..\..\..\components\drivers_nrf\delay\nrf_delay.c 0x00000000   Number         0  nrf_delay.o ABSOLUTE
    ..\..\..\..\..\..\components\drivers_nrf\gpiote\nrf_drv_gpiote.c 0x00000000   Number         0  nrf_drv_gpiote.o ABSOLUTE
    ..\..\..\..\..\..\components\drivers_nrf\twi_master\nrf_drv_twi.c 0x00000000   Number         0  nrf_drv_twi.o ABSOLUTE
    ..\..\..\..\..\..\components\drivers_nrf\uart\nrf_drv_uart.c 0x00000000   Number         0  nrf_drv_uart.o ABSOLUTE
    ..\..\..\..\..\..\components\libraries\button\app_button.c 0x00000000   Number         0  app_button.o ABSOLUTE
    ..\..\..\..\..\..\components\libraries\fifo\app_fifo.c 0x00000000   Number         0  app_fifo.o ABSOLUTE
    ..\..\..\..\..\..\components\libraries\timer\app_timer.c 0x00000000   Number         0  app_timer.o ABSOLUTE
    ..\..\..\..\..\..\components\libraries\uart\app_uart_fifo.c 0x00000000   Number         0  app_uart_fifo.o ABSOLUTE
    ..\..\..\..\..\..\components\libraries\uart\retarget.c 0x00000000   Number         0  retarget.o ABSOLUTE
    ..\..\..\..\..\..\components\libraries\util\app_error.c 0x00000000   Number         0  app_error.o ABSOLUTE
    ..\..\..\..\..\..\components\libraries\util\app_error_weak.c 0x00000000   Number         0  app_error_weak.o ABSOLUTE
    ..\..\..\..\..\..\components\libraries\util\app_util_platform.c 0x00000000   Number         0  app_util_platform.o ABSOLUTE
    ..\..\..\..\..\..\components\libraries\util\nrf_assert.c 0x00000000   Number         0  nrf_assert.o ABSOLUTE
    ..\..\..\..\..\..\components\libraries\util\nrf_log.c 0x00000000   Number         0  nrf_log.o ABSOLUTE
    ..\..\..\..\..\..\components\softdevice\common\softdevice_handler\softdevice_handler.c 0x00000000   Number         0  softdevice_handler.o ABSOLUTE
    ..\..\..\..\..\..\external\segger_rtt\RTT_Syscalls_KEIL.c 0x00000000   Number         0  rtt_syscalls_keil.o ABSOLUTE
    ..\..\..\..\..\..\external\segger_rtt\SEGGER_RTT.c 0x00000000   Number         0  segger_rtt.o ABSOLUTE
    ..\..\..\..\..\..\external\segger_rtt\SEGGER_RTT_printf.c 0x00000000   Number         0  segger_rtt_printf.o ABSOLUTE
    ..\..\..\config\mpu9250.c                0x00000000   Number         0  mpu9250.o ABSOLUTE
    ..\..\..\main.c                          0x00000000   Number         0  main.o ABSOLUTE
    ..\\..\\..\\..\\..\\..\\components\\ble\\common\\ble_advdata.c 0x00000000   Number         0  ble_advdata.o ABSOLUTE
    ..\\..\\..\\..\\..\\..\\components\\ble\\common\\ble_conn_params.c 0x00000000   Number         0  ble_conn_params.o ABSOLUTE
    ..\\..\\..\\..\\..\\..\\components\\ble\\common\\ble_srv_common.c 0x00000000   Number         0  ble_srv_common.o ABSOLUTE
    ..\\..\\..\\..\\..\\..\\components\\drivers_nrf\\common\\nrf_drv_common.c 0x00000000   Number         0  nrf_drv_common.o ABSOLUTE
    ..\\..\\..\\..\\..\\..\\components\\drivers_nrf\\delay\\nrf_delay.c 0x00000000   Number         0  nrf_delay.o ABSOLUTE
    ..\\..\\..\\..\\..\\..\\components\\drivers_nrf\\gpiote\\nrf_drv_gpiote.c 0x00000000   Number         0  nrf_drv_gpiote.o ABSOLUTE
    ..\\..\\..\\..\\..\\..\\components\\drivers_nrf\\twi_master\\nrf_drv_twi.c 0x00000000   Number         0  nrf_drv_twi.o ABSOLUTE
    ..\\..\\..\\..\\..\\..\\components\\drivers_nrf\\uart\\nrf_drv_uart.c 0x00000000   Number         0  nrf_drv_uart.o ABSOLUTE
    ..\\..\\..\\..\\..\\..\\components\\libraries\\button\\app_button.c 0x00000000   Number         0  app_button.o ABSOLUTE
    ..\\..\\..\\..\\..\\..\\components\\libraries\\fifo\\app_fifo.c 0x00000000   Number         0  app_fifo.o ABSOLUTE
    ..\\..\\..\\..\\..\\..\\components\\libraries\\timer\\app_timer.c 0x00000000   Number         0  app_timer.o ABSOLUTE
    ..\\..\\..\\..\\..\\..\\components\\libraries\\uart\\app_uart_fifo.c 0x00000000   Number         0  app_uart_fifo.o ABSOLUTE
    ..\\..\\..\\..\\..\\..\\components\\libraries\\util\\app_error.c 0x00000000   Number         0  app_error.o ABSOLUTE
    ..\\..\\..\\..\\..\\..\\components\\libraries\\util\\app_error_weak.c 0x00000000   Number         0  app_error_weak.o ABSOLUTE
    ..\\..\\..\\..\\..\\..\\components\\libraries\\util\\app_util_platform.c 0x00000000   Number         0  app_util_platform.o ABSOLUTE
    ..\\..\\..\\..\\..\\..\\components\\libraries\\util\\nrf_assert.c 0x00000000   Number         0  nrf_assert.o ABSOLUTE
    ..\\..\\..\\..\\..\\..\\components\\libraries\\util\\nrf_log.c 0x00000000   Number         0  nrf_log.o ABSOLUTE
    ..\\..\\..\\..\\..\\..\\components\\softdevice\\common\\softdevice_handler\\softdevice_handler.c 0x00000000   Number         0  softdevice_handler.o ABSOLUTE
    ..\\..\\..\\config\\mpu9250.c            0x00000000   Number         0  mpu9250.o ABSOLUTE
    ..\\..\\..\\main.c                       0x00000000   Number         0  main.o ABSOLUTE
    RTE\Device\nRF51422_xxAC\arm_startup_nrf51.s 0x00000000   Number         0  arm_startup_nrf51.o ABSOLUTE
    RTE\Device\nRF51422_xxAC\system_nrf51.c  0x00000000   Number         0  system_nrf51.o ABSOLUTE
    RTE\\Device\\nRF51422_xxAC\\system_nrf51.c 0x00000000   Number         0  system_nrf51.o ABSOLUTE
    dc.s                                     0x00000000   Number         0  dc.o ABSOLUTE
    handlers.s                               0x00000000   Number         0  handlers.o ABSOLUTE
    init.s                                   0x00000000   Number         0  init.o ABSOLUTE
    RESET                                    0x0001b000   Section      192  arm_startup_nrf51.o(RESET)
    .ARM.Collect$$$$00000000                 0x0001b0c0   Section        0  entry.o(.ARM.Collect$$$$00000000)
    .ARM.Collect$$$$00000001                 0x0001b0c0   Section        4  entry2.o(.ARM.Collect$$$$00000001)
    .ARM.Collect$$$$00000004                 0x0001b0c4   Section        4  entry5.o(.ARM.Collect$$$$00000004)
    .ARM.Collect$$$$00000008                 0x0001b0c8   Section        0  entry7b.o(.ARM.Collect$$$$00000008)
    .ARM.Collect$$$$0000000A                 0x0001b0c8   Section        0  entry8b.o(.ARM.Collect$$$$0000000A)
    .ARM.Collect$$$$0000000B                 0x0001b0c8   Section        8  entry9a.o(.ARM.Collect$$$$0000000B)
    .ARM.Collect$$$$0000000D                 0x0001b0d0   Section        0  entry10a.o(.ARM.Collect$$$$0000000D)
    .ARM.Collect$$$$0000000F                 0x0001b0d0   Section        0  entry11a.o(.ARM.Collect$$$$0000000F)
    .ARM.Collect$$$$00002712                 0x0001b0d0   Section        4  entry2.o(.ARM.Collect$$$$00002712)
    __lit__00000000                          0x0001b0d0   Data           4  entry2.o(.ARM.Collect$$$$00002712)
    .emb_text                                0x0001b0d4   Section       30  nrf_delay.o(.emb_text)
    .emb_text                                0x0001b0f4   Section       30  nrf_drv_twi.o(.emb_text)
    .emb_text                                0x0001b114   Section       30  app_timer.o(.emb_text)
    .text                                    0x0001b134   Section       56  arm_startup_nrf51.o(.text)
    .text                                    0x0001b16c   Section        0  uidiv.o(.text)
    .text                                    0x0001b198   Section        0  idiv.o(.text)
    .text                                    0x0001b1c0   Section        0  memcpya.o(.text)
    .text                                    0x0001b1e4   Section        0  memseta.o(.text)
    .text                                    0x0001b208   Section        0  strcpy.o(.text)
    .text                                    0x0001b21c   Section       36  init.o(.text)
    i.GPIOTE_IRQHandler                      0x0001b240   Section        0  nrf_drv_gpiote.o(i.GPIOTE_IRQHandler)
    i.NVIC_SetPriority                       0x0001b394   Section        0  app_timer.o(i.NVIC_SetPriority)
    NVIC_SetPriority                         0x0001b395   Thumb Code    60  app_timer.o(i.NVIC_SetPriority)
    i.RTC1_IRQHandler                        0x0001b3d8   Section        0  app_timer.o(i.RTC1_IRQHandler)
    i.SEGGER_RTT_ConfigDownBuffer            0x0001b3f8   Section        0  segger_rtt.o(i.SEGGER_RTT_ConfigDownBuffer)
    i.SEGGER_RTT_ConfigUpBuffer              0x0001b444   Section        0  segger_rtt.o(i.SEGGER_RTT_ConfigUpBuffer)
    i.SEGGER_RTT_Write                       0x0001b490   Section        0  segger_rtt.o(i.SEGGER_RTT_Write)
    i.SEGGER_RTT_WriteNoLock                 0x0001b4b4   Section        0  segger_rtt.o(i.SEGGER_RTT_WriteNoLock)
    i.SEGGER_RTT_vprintf                     0x0001b510   Section        0  segger_rtt_printf.o(i.SEGGER_RTT_vprintf)
    i.SPI0_TWI0_IRQHandler                   0x0001b6a4   Section        0  nrf_drv_twi.o(i.SPI0_TWI0_IRQHandler)
    i.SWI0_IRQHandler                        0x0001b6b8   Section        0  app_timer.o(i.SWI0_IRQHandler)
    i.SWI2_IRQHandler                        0x0001b6c0   Section        0  softdevice_handler.o(i.SWI2_IRQHandler)
    i.SystemInit                             0x0001b6e0   Section        0  system_nrf51.o(i.SystemInit)
    i.UART0_IRQHandler                       0x0001b780   Section        0  nrf_drv_uart.o(i.UART0_IRQHandler)
    i._DoInit                                0x0001b788   Section        0  segger_rtt.o(i._DoInit)
    _DoInit                                  0x0001b789   Thumb Code    74  segger_rtt.o(i._DoInit)
    i._GetAvailWriteSpace                    0x0001b7f4   Section        0  segger_rtt.o(i._GetAvailWriteSpace)
    _GetAvailWriteSpace                      0x0001b7f5   Thumb Code    22  segger_rtt.o(i._GetAvailWriteSpace)
    i._PrintInt                              0x0001b80a   Section        0  segger_rtt_printf.o(i._PrintInt)
    _PrintInt                                0x0001b80b   Thumb Code   200  segger_rtt_printf.o(i._PrintInt)
    i._PrintUnsigned                         0x0001b8d4   Section        0  segger_rtt_printf.o(i._PrintUnsigned)
    _PrintUnsigned                           0x0001b8d5   Thumb Code   210  segger_rtt_printf.o(i._PrintUnsigned)
    i._StoreChar                             0x0001b9ac   Section        0  segger_rtt_printf.o(i._StoreChar)
    _StoreChar                               0x0001b9ad   Thumb Code    62  segger_rtt_printf.o(i._StoreChar)
    i._WriteBlocking                         0x0001b9ea   Section        0  segger_rtt.o(i._WriteBlocking)
    _WriteBlocking                           0x0001b9eb   Thumb Code    96  segger_rtt.o(i._WriteBlocking)
    i._WriteNoCheck                          0x0001ba4a   Section        0  segger_rtt.o(i._WriteNoCheck)
    _WriteNoCheck                            0x0001ba4b   Thumb Code    60  segger_rtt.o(i._WriteNoCheck)
    i.__scatterload_copy                     0x0001ba86   Section       14  handlers.o(i.__scatterload_copy)
    i.__scatterload_null                     0x0001ba94   Section        2  handlers.o(i.__scatterload_null)
    i.__scatterload_zeroinit                 0x0001ba96   Section       14  handlers.o(i.__scatterload_zeroinit)
    i.adv_data_encode                        0x0001baa4   Section        0  ble_advdata.o(i.adv_data_encode)
    i.advertising_init                       0x0001bcbc   Section        0  main.o(i.advertising_init)
    advertising_init                         0x0001bcbd   Thumb Code   158  main.o(i.advertising_init)
    i.ak8963_read_registers                  0x0001bd94   Section        0  mpu9250.o(i.ak8963_read_registers)
    i.ak8963_write_single                    0x0001bde8   Section        0  mpu9250.o(i.ak8963_write_single)
    i.app_error_fault_handler                0x0001be20   Section        0  app_error_weak.o(i.app_error_fault_handler)
    i.app_error_handler_bare                 0x0001be3c   Section        0  app_error.o(i.app_error_handler_bare)
    i.app_timer_init                         0x0001be54   Section        0  app_timer.o(i.app_timer_init)
    i.ble_advdata_set                        0x0001bee4   Section        0  ble_advdata.o(i.ble_advdata_set)
    i.ble_device_addr_encode                 0x0001bf4c   Section        0  ble_advdata.o(i.ble_device_addr_encode)
    ble_device_addr_encode                   0x0001bf4d   Thumb Code    94  ble_advdata.o(i.ble_device_addr_encode)
    i.channel_port_get                       0x0001bfac   Section        0  nrf_drv_gpiote.o(i.channel_port_get)
    channel_port_get                         0x0001bfad   Thumb Code    10  nrf_drv_gpiote.o(i.channel_port_get)
    i.compare_reg_update                     0x0001bfbc   Section        0  app_timer.o(i.compare_reg_update)
    compare_reg_update                       0x0001bfbd   Thumb Code   142  app_timer.o(i.compare_reg_update)
    i.conn_int_encode                        0x0001c064   Section        0  ble_advdata.o(i.conn_int_encode)
    conn_int_encode                          0x0001c065   Thumb Code   130  ble_advdata.o(i.conn_int_encode)
    i.elapsed_ticks_acquire                  0x0001c0ec   Section        0  app_timer.o(i.elapsed_ticks_acquire)
    elapsed_ticks_acquire                    0x0001c0ed   Thumb Code    58  app_timer.o(i.elapsed_ticks_acquire)
    i.intern_softdevice_events_execute       0x0001c12c   Section        0  softdevice_handler.o(i.intern_softdevice_events_execute)
    i.irq_handler_twi                        0x0001c1a4   Section        0  nrf_drv_twi.o(i.irq_handler_twi)
    irq_handler_twi                          0x0001c1a5   Thumb Code   172  nrf_drv_twi.o(i.irq_handler_twi)
    i.is_manual_peripheral_setup_needed      0x0001c250   Section        0  system_nrf51.o(i.is_manual_peripheral_setup_needed)
    is_manual_peripheral_setup_needed        0x0001c251   Thumb Code    66  system_nrf51.o(i.is_manual_peripheral_setup_needed)
    i.le_role_encode                         0x0001c298   Section        0  ble_advdata.o(i.le_role_encode)
    le_role_encode                           0x0001c299   Thumb Code    84  ble_advdata.o(i.le_role_encode)
    i.list_deletions_handler                 0x0001c2ec   Section        0  app_timer.o(i.list_deletions_handler)
    list_deletions_handler                   0x0001c2ed   Thumb Code   180  app_timer.o(i.list_deletions_handler)
    i.list_insertions_handler                0x0001c3a8   Section        0  app_timer.o(i.list_insertions_handler)
    list_insertions_handler                  0x0001c3a9   Thumb Code   202  app_timer.o(i.list_insertions_handler)
    i.log_rtt_init                           0x0001c47c   Section        0  nrf_log.o(i.log_rtt_init)
    i.log_rtt_printf                         0x0001c4d4   Section        0  nrf_log.o(i.log_rtt_printf)
    i.main                                   0x0001c4ec   Section        0  main.o(i.main)
    i.manuf_specific_data_encode             0x0001c5dc   Section        0  ble_advdata.o(i.manuf_specific_data_encode)
    manuf_specific_data_encode               0x0001c5dd   Thumb Code   104  ble_advdata.o(i.manuf_specific_data_encode)
    i.mpu9250_config                         0x0001c644   Section        0  mpu9250.o(i.mpu9250_config)
    i.mpu9250_init                           0x0001c654   Section        0  mpu9250.o(i.mpu9250_init)
    i.mpu9250_int_cfg_pin                    0x0001c674   Section        0  mpu9250.o(i.mpu9250_int_cfg_pin)
    i.mpu9250_twi_event_handler              0x0001c680   Section        0  mpu9250.o(i.mpu9250_twi_event_handler)
    i.mpu9250_write_burst                    0x0001c6a8   Section        0  mpu9250.o(i.mpu9250_write_burst)
    mpu9250_write_burst                      0x0001c6a9   Thumb Code    80  mpu9250.o(i.mpu9250_write_burst)
    i.mpu9250_write_single                   0x0001c700   Section        0  mpu9250.o(i.mpu9250_write_single)
    i.mpu_setup                              0x0001c738   Section        0  main.o(i.mpu_setup)
    i.name_encode                            0x0001c790   Section        0  ble_advdata.o(i.name_encode)
    name_encode                              0x0001c791   Thumb Code   158  ble_advdata.o(i.name_encode)
    i.nrf_delay_ms                           0x0001c830   Section        0  nrf_delay.o(i.nrf_delay_ms)
    i.nrf_drv_common_irq_enable              0x0001c84c   Section        0  nrf_drv_common.o(i.nrf_drv_common_irq_enable)
    i.nrf_drv_twi_enable                     0x0001c8ac   Section        0  nrf_drv_twi.o(i.nrf_drv_twi_enable)
    i.nrf_drv_twi_init                       0x0001c8cc   Section        0  nrf_drv_twi.o(i.nrf_drv_twi_init)
    i.nrf_drv_twi_rx                         0x0001c95c   Section        0  nrf_drv_twi.o(i.nrf_drv_twi_rx)
    i.nrf_drv_twi_tx                         0x0001c980   Section        0  nrf_drv_twi.o(i.nrf_drv_twi_tx)
    i.nrf_drv_twi_xfer                       0x0001c9a4   Section        0  nrf_drv_twi.o(i.nrf_drv_twi_xfer)
    i.nrf_gpio_cfg_sense_set                 0x0001c9cc   Section        0  nrf_drv_gpiote.o(i.nrf_gpio_cfg_sense_set)
    nrf_gpio_cfg_sense_set                   0x0001c9cd   Thumb Code    26  nrf_drv_gpiote.o(i.nrf_gpio_cfg_sense_set)
    i.nrf_gpio_pin_set                       0x0001c9ec   Section        0  nrf_drv_twi.o(i.nrf_gpio_pin_set)
    nrf_gpio_pin_set                         0x0001c9ed   Thumb Code    10  nrf_drv_twi.o(i.nrf_gpio_pin_set)
    i.nrf_gpiote_event_is_set                0x0001c9fc   Section        0  nrf_drv_gpiote.o(i.nrf_gpiote_event_is_set)
    nrf_gpiote_event_is_set                  0x0001c9fd   Thumb Code    14  nrf_drv_gpiote.o(i.nrf_gpiote_event_is_set)
    i.nrf_twi_event_check                    0x0001ca10   Section        0  nrf_drv_twi.o(i.nrf_twi_event_check)
    nrf_twi_event_check                      0x0001ca11   Thumb Code    10  nrf_drv_twi.o(i.nrf_twi_event_check)
    i.nrf_uart_event_check                   0x0001ca1a   Section        0  nrf_drv_uart.o(i.nrf_uart_event_check)
    nrf_uart_event_check                     0x0001ca1b   Thumb Code    10  nrf_drv_uart.o(i.nrf_uart_event_check)
    i.nrf_uart_int_enable_check              0x0001ca24   Section        0  nrf_drv_uart.o(i.nrf_uart_int_enable_check)
    nrf_uart_int_enable_check                0x0001ca25   Thumb Code    16  nrf_drv_uart.o(i.nrf_uart_int_enable_check)
    i.ram_end_address_get                    0x0001ca34   Section        0  softdevice_handler.o(i.ram_end_address_get)
    ram_end_address_get                      0x0001ca35   Thumb Code    16  softdevice_handler.o(i.ram_end_address_get)
    i.rtc1_stop                              0x0001ca44   Section        0  app_timer.o(i.rtc1_stop)
    rtc1_stop                                0x0001ca45   Thumb Code    50  app_timer.o(i.rtc1_stop)
    i.rx_byte                                0x0001ca88   Section        0  nrf_drv_uart.o(i.rx_byte)
    rx_byte                                  0x0001ca89   Thumb Code    42  nrf_drv_uart.o(i.rx_byte)
    i.rx_done_event                          0x0001cac0   Section        0  nrf_drv_uart.o(i.rx_done_event)
    rx_done_event                            0x0001cac1   Thumb Code    22  nrf_drv_uart.o(i.rx_done_event)
    i.sd_check_ram_start                     0x0001cadc   Section        0  softdevice_handler.o(i.sd_check_ram_start)
    i.sd_nvic_EnableIRQ                      0x0001cb68   Section        0  softdevice_handler.o(i.sd_nvic_EnableIRQ)
    sd_nvic_EnableIRQ                        0x0001cb69   Thumb Code   116  softdevice_handler.o(i.sd_nvic_EnableIRQ)
    i.service_data_encode                    0x0001cbf4   Section        0  ble_advdata.o(i.service_data_encode)
    service_data_encode                      0x0001cbf5   Thumb Code   142  ble_advdata.o(i.service_data_encode)
    i.softdevice_enable                      0x0001cc84   Section        0  softdevice_handler.o(i.softdevice_enable)
    i.softdevice_enable_get_default_config   0x0001cd84   Section        0  softdevice_handler.o(i.softdevice_enable_get_default_config)
    i.softdevice_fault_handler               0x0001cdac   Section        0  softdevice_handler.o(i.softdevice_fault_handler)
    i.softdevice_handler_init                0x0001cdb4   Section        0  softdevice_handler.o(i.softdevice_handler_init)
    i.timer_list_handler                     0x0001cdf8   Section        0  app_timer.o(i.timer_list_handler)
    timer_list_handler                       0x0001cdf9   Thumb Code   128  app_timer.o(i.timer_list_handler)
    i.timer_list_handler_sched               0x0001ce7c   Section        0  app_timer.o(i.timer_list_handler_sched)
    timer_list_handler_sched                 0x0001ce7d   Thumb Code    10  app_timer.o(i.timer_list_handler_sched)
    i.timer_list_insert                      0x0001ce8c   Section        0  app_timer.o(i.timer_list_insert)
    timer_list_insert                        0x0001ce8d   Thumb Code    60  app_timer.o(i.timer_list_insert)
    i.timer_timeouts_check                   0x0001cecc   Section        0  app_timer.o(i.timer_timeouts_check)
    timer_timeouts_check                     0x0001cecd   Thumb Code   118  app_timer.o(i.timer_timeouts_check)
    i.twi_clear_bus                          0x0001cf4c   Section        0  nrf_drv_twi.o(i.twi_clear_bus)
    twi_clear_bus                            0x0001cf4d   Thumb Code   138  nrf_drv_twi.o(i.twi_clear_bus)
    i.twi_handler                            0x0001cfe4   Section        0  main.o(i.twi_handler)
    i.twi_init                               0x0001cfec   Section        0  main.o(i.twi_init)
    i.twi_rx_start_transfer                  0x0001d020   Section        0  nrf_drv_twi.o(i.twi_rx_start_transfer)
    twi_rx_start_transfer                    0x0001d021   Thumb Code   134  nrf_drv_twi.o(i.twi_rx_start_transfer)
    i.twi_send_byte                          0x0001d0ac   Section        0  nrf_drv_twi.o(i.twi_send_byte)
    twi_send_byte                            0x0001d0ad   Thumb Code    46  nrf_drv_twi.o(i.twi_send_byte)
    i.twi_transfer                           0x0001d0da   Section        0  nrf_drv_twi.o(i.twi_transfer)
    twi_transfer                             0x0001d0db   Thumb Code   262  nrf_drv_twi.o(i.twi_transfer)
    i.twi_tx_start_transfer                  0x0001d1e0   Section        0  nrf_drv_twi.o(i.twi_tx_start_transfer)
    twi_tx_start_transfer                    0x0001d1e1   Thumb Code   136  nrf_drv_twi.o(i.twi_tx_start_transfer)
    i.twi_xfer                               0x0001d26c   Section        0  nrf_drv_twi.o(i.twi_xfer)
    twi_xfer                                 0x0001d26d   Thumb Code   140  nrf_drv_twi.o(i.twi_xfer)
    i.tx_byte                                0x0001d2f8   Section        0  nrf_drv_uart.o(i.tx_byte)
    tx_byte                                  0x0001d2f9   Thumb Code    30  nrf_drv_uart.o(i.tx_byte)
    i.tx_done_event                          0x0001d324   Section        0  nrf_drv_uart.o(i.tx_done_event)
    tx_done_event                            0x0001d325   Thumb Code    26  nrf_drv_uart.o(i.tx_done_event)
    i.uart_irq_handler                       0x0001d344   Section        0  nrf_drv_uart.o(i.uart_irq_handler)
    uart_irq_handler                         0x0001d345   Thumb Code   278  nrf_drv_uart.o(i.uart_irq_handler)
    i.uint16_encode                          0x0001d46c   Section        0  ble_advdata.o(i.uint16_encode)
    uint16_encode                            0x0001d46d   Thumb Code    10  ble_advdata.o(i.uint16_encode)
    i.uuid_list_encode                       0x0001d476   Section        0  ble_advdata.o(i.uuid_list_encode)
    uuid_list_encode                         0x0001d477   Thumb Code    48  ble_advdata.o(i.uuid_list_encode)
    i.uuid_list_sized_encode                 0x0001d4a6   Section        0  ble_advdata.o(i.uuid_list_sized_encode)
    uuid_list_sized_encode                   0x0001d4a7   Thumb Code   174  ble_advdata.o(i.uuid_list_sized_encode)
    .constdata                               0x0001d554   Section       36  main.o(.constdata)
    m_twi_instance                           0x0001d560   Data           8  main.o(.constdata)
    .constdata                               0x0001d578   Section       28  nrf_drv_twi.o(.constdata)
    m_default_config                         0x0001d578   Data          16  nrf_drv_twi.o(.constdata)
    .constdata                               0x0001d594   Section       16  segger_rtt_printf.o(.constdata)
    _aV2C                                    0x0001d594   Data          16  segger_rtt_printf.o(.constdata)
    .data                                    0x20001870   Section       23  main.o(.data)
    m_beacon_info                            0x20001870   Data          23  main.o(.data)
    .data                                    0x20001888   Section        8  mpu9250.o(.data)
    twi_tx_done                              0x20001888   Data           1  mpu9250.o(.data)
    twi_rx_done                              0x20001889   Data           1  mpu9250.o(.data)
    m_twi_instance                           0x2000188c   Data           4  mpu9250.o(.data)
    .data                                    0x20001890   Section       32  app_timer.o(.data)
    m_user_array_size                        0x20001890   Data           1  app_timer.o(.data)
    m_ticks_elapsed_q_read_ind               0x20001891   Data           1  app_timer.o(.data)
    m_ticks_elapsed_q_write_ind              0x20001892   Data           1  app_timer.o(.data)
    m_rtc1_running                           0x20001893   Data           1  app_timer.o(.data)
    m_rtc1_reset                             0x20001894   Data           1  app_timer.o(.data)
    mp_users                                 0x20001898   Data           4  app_timer.o(.data)
    mp_timer_id_head                         0x2000189c   Data           4  app_timer.o(.data)
    m_ticks_latest                           0x200018a0   Data           4  app_timer.o(.data)
    m_evt_schedule_func                      0x200018a4   Data           4  app_timer.o(.data)
    m_ticks_elapsed                          0x200018a8   Data           8  app_timer.o(.data)
    .data                                    0x200018b0   Section        4  nrf_log.o(.data)
    initialized                              0x200018b0   Data           1  nrf_log.o(.data)
    hex_string                               0x200018b1   Data           3  nrf_log.o(.data)
    .data                                    0x200018b4   Section       28  softdevice_handler.o(.data)
    m_softdevice_enabled                     0x200018b4   Data           1  softdevice_handler.o(.data)
    m_ble_evt_buffer_size                    0x200018b6   Data           2  softdevice_handler.o(.data)
    m_evt_schedule_func                      0x200018b8   Data           4  softdevice_handler.o(.data)
    mp_ble_evt_buffer                        0x200018bc   Data           4  softdevice_handler.o(.data)
    m_ble_evt_handler                        0x200018c0   Data           4  softdevice_handler.o(.data)
    m_sys_evt_handler                        0x200018c4   Data           4  softdevice_handler.o(.data)
    .data                                    0x200018d0   Section        4  system_nrf51.o(.data)
    __tagsym$$used                           0x200018d0   Number         0  system_nrf51.o(.data)
    .bss                                     0x200018d4   Section      552  main.o(.bss)
    BLE_EVT_BUFFER                           0x200018d4   Data          72  main.o(.bss)
    APP_TIMER_BUF                            0x2000191c   Data         456  main.o(.bss)
    m_adv_params                             0x20001ae4   Data          24  main.o(.bss)
    .bss                                     0x20001afc   Section       72  nrf_drv_gpiote.o(.bss)
    m_cb                                     0x20001afc   Data          72  nrf_drv_gpiote.o(.bss)
    .bss                                     0x20001b44   Section       28  nrf_drv_uart.o(.bss)
    m_cb                                     0x20001b44   Data          28  nrf_drv_uart.o(.bss)
    .bss                                     0x20001b60   Section       40  nrf_drv_twi.o(.bss)
    m_cb                                     0x20001b60   Data          40  nrf_drv_twi.o(.bss)
    .bss                                     0x20001b88   Section     1051  nrf_log.o(.bss)
    hex_string                               0x20001b88   Data          11  nrf_log.o(.bss)
    buf_normal_up                            0x20001b93   Data        1024  nrf_log.o(.bss)
    buf_down                                 0x20001f93   Data          16  nrf_log.o(.bss)
    .bss                                     0x20001fa4   Section     1160  segger_rtt.o(.bss)
    _acUpBuffer                              0x20001fa4   Data        1024  segger_rtt.o(.bss)
    _acDownBuffer                            0x200023a4   Data          16  segger_rtt.o(.bss)
    STACK                                    0x20002430   Section     2048  arm_startup_nrf51.o(STACK)

    Global Symbols

    Symbol Name                              Value     Ov Type        Size  Object(Section)

    BuildAttributes$$THM_ISAv3M$S$PE$A:L22$X:L11$S22$IEEE1$IW$USESV6$~STKCKD$USESV7$~SHL$OSPACE$EBA8$MICROLIB$REQ8$PRES8$EABIv2 0x00000000   Number         0  anon$$obj.o ABSOLUTE
    __ARM_use_no_argv                        0x00000000   Number         0  main.o ABSOLUTE
    __cpp_initialize__aeabi_                  - Undefined Weak Reference
    __cxa_finalize                            - Undefined Weak Reference
    __decompress                              - Undefined Weak Reference
    _clock_init                               - Undefined Weak Reference
    _microlib_exit                            - Undefined Weak Reference
    __Vectors_Size                           0x000000c0   Number         0  arm_startup_nrf51.o ABSOLUTE
    __Vectors                                0x0001b000   Data           4  arm_startup_nrf51.o(RESET)
    __Vectors_End                            0x0001b0c0   Data           0  arm_startup_nrf51.o(RESET)
    __main                                   0x0001b0c1   Thumb Code     0  entry.o(.ARM.Collect$$$$00000000)
    _main_stk                                0x0001b0c1   Thumb Code     0  entry2.o(.ARM.Collect$$$$00000001)
    _main_scatterload                        0x0001b0c5   Thumb Code     0  entry5.o(.ARM.Collect$$$$00000004)
    __main_after_scatterload                 0x0001b0c9   Thumb Code     0  entry5.o(.ARM.Collect$$$$00000004)
    _main_clock                              0x0001b0c9   Thumb Code     0  entry7b.o(.ARM.Collect$$$$00000008)
    _main_cpp_init                           0x0001b0c9   Thumb Code     0  entry8b.o(.ARM.Collect$$$$0000000A)
    _main_init                               0x0001b0c9   Thumb Code     0  entry9a.o(.ARM.Collect$$$$0000000B)
    __rt_final_cpp                           0x0001b0d1   Thumb Code     0  entry10a.o(.ARM.Collect$$$$0000000D)
    __rt_final_exit                          0x0001b0d1   Thumb Code     0  entry11a.o(.ARM.Collect$$$$0000000F)
    __asm___11_nrf_delay_c_532987f3__nrf_delay_us 0x0001b0d5   Thumb Code    30  nrf_delay.o(.emb_text)
    __asm___13_nrf_drv_twi_c_a9bcf68d__nrf_delay_us 0x0001b0f5   Thumb Code    30  nrf_drv_twi.o(.emb_text)
    __asm___11_app_timer_c_cd27f9c3__nrf_delay_us 0x0001b115   Thumb Code    30  app_timer.o(.emb_text)
    Reset_Handler                            0x0001b135   Thumb Code    26  arm_startup_nrf51.o(.text)
    NMI_Handler                              0x0001b14f   Thumb Code     2  arm_startup_nrf51.o(.text)
    HardFault_Handler                        0x0001b151   Thumb Code     2  arm_startup_nrf51.o(.text)
    SVC_Handler                              0x0001b153   Thumb Code     2  arm_startup_nrf51.o(.text)
    PendSV_Handler                           0x0001b155   Thumb Code     2  arm_startup_nrf51.o(.text)
    SysTick_Handler                          0x0001b157   Thumb Code     2  arm_startup_nrf51.o(.text)
    ADC_IRQHandler                           0x0001b159   Thumb Code     0  arm_startup_nrf51.o(.text)
    CCM_AAR_IRQHandler                       0x0001b159   Thumb Code     0  arm_startup_nrf51.o(.text)
    ECB_IRQHandler                           0x0001b159   Thumb Code     0  arm_startup_nrf51.o(.text)
    LPCOMP_IRQHandler                        0x0001b159   Thumb Code     0  arm_startup_nrf51.o(.text)
    POWER_CLOCK_IRQHandler                   0x0001b159   Thumb Code     0  arm_startup_nrf51.o(.text)
    QDEC_IRQHandler                          0x0001b159   Thumb Code     0  arm_startup_nrf51.o(.text)
    RADIO_IRQHandler                         0x0001b159   Thumb Code     0  arm_startup_nrf51.o(.text)
    RNG_IRQHandler                           0x0001b159   Thumb Code     0  arm_startup_nrf51.o(.text)
    RTC0_IRQHandler                          0x0001b159   Thumb Code     0  arm_startup_nrf51.o(.text)
    SPI1_TWI1_IRQHandler                     0x0001b159   Thumb Code     0  arm_startup_nrf51.o(.text)
    SWI1_IRQHandler                          0x0001b159   Thumb Code     0  arm_startup_nrf51.o(.text)
    SWI3_IRQHandler                          0x0001b159   Thumb Code     0  arm_startup_nrf51.o(.text)
    SWI4_IRQHandler                          0x0001b159   Thumb Code     0  arm_startup_nrf51.o(.text)
    SWI5_IRQHandler                          0x0001b159   Thumb Code     0  arm_startup_nrf51.o(.text)
    TEMP_IRQHandler                          0x0001b159   Thumb Code     0  arm_startup_nrf51.o(.text)
    TIMER0_IRQHandler                        0x0001b159   Thumb Code     0  arm_startup_nrf51.o(.text)
    TIMER1_IRQHandler                        0x0001b159   Thumb Code     0  arm_startup_nrf51.o(.text)
    TIMER2_IRQHandler                        0x0001b159   Thumb Code     0  arm_startup_nrf51.o(.text)
    WDT_IRQHandler                           0x0001b159   Thumb Code     0  arm_startup_nrf51.o(.text)
    __aeabi_uidiv                            0x0001b16d   Thumb Code     0  uidiv.o(.text)
    __aeabi_uidivmod                         0x0001b16d   Thumb Code    44  uidiv.o(.text)
    __aeabi_idiv                             0x0001b199   Thumb Code     0  idiv.o(.text)
    __aeabi_idivmod                          0x0001b199   Thumb Code    40  idiv.o(.text)
    __aeabi_memcpy                           0x0001b1c1   Thumb Code    36  memcpya.o(.text)
    __aeabi_memcpy4                          0x0001b1c1   Thumb Code     0  memcpya.o(.text)
    __aeabi_memcpy8                          0x0001b1c1   Thumb Code     0  memcpya.o(.text)
    __aeabi_memset                           0x0001b1e5   Thumb Code    14  memseta.o(.text)
    __aeabi_memset4                          0x0001b1e5   Thumb Code     0  memseta.o(.text)
    __aeabi_memset8                          0x0001b1e5   Thumb Code     0  memseta.o(.text)
    __aeabi_memclr                           0x0001b1f3   Thumb Code     4  memseta.o(.text)
    __aeabi_memclr4                          0x0001b1f3   Thumb Code     0  memseta.o(.text)
    __aeabi_memclr8                          0x0001b1f3   Thumb Code     0  memseta.o(.text)
    _memset$wrapper                          0x0001b1f7   Thumb Code    18  memseta.o(.text)
    strcpy                                   0x0001b209   Thumb Code    18  strcpy.o(.text)
    __scatterload                            0x0001b21d   Thumb Code    28  init.o(.text)
    __scatterload_rt2                        0x0001b21d   Thumb Code     0  init.o(.text)
    GPIOTE_IRQHandler                        0x0001b241   Thumb Code   312  nrf_drv_gpiote.o(i.GPIOTE_IRQHandler)
    RTC1_IRQHandler                          0x0001b3d9   Thumb Code    28  app_timer.o(i.RTC1_IRQHandler)
    SEGGER_RTT_ConfigDownBuffer              0x0001b3f9   Thumb Code    70  segger_rtt.o(i.SEGGER_RTT_ConfigDownBuffer)
    SEGGER_RTT_ConfigUpBuffer                0x0001b445   Thumb Code    70  segger_rtt.o(i.SEGGER_RTT_ConfigUpBuffer)
    SEGGER_RTT_Write                         0x0001b491   Thumb Code    32  segger_rtt.o(i.SEGGER_RTT_Write)
    SEGGER_RTT_WriteNoLock                   0x0001b4b5   Thumb Code    86  segger_rtt.o(i.SEGGER_RTT_WriteNoLock)
    SEGGER_RTT_vprintf                       0x0001b511   Thumb Code   404  segger_rtt_printf.o(i.SEGGER_RTT_vprintf)
    SPI0_TWI0_IRQHandler                     0x0001b6a5   Thumb Code    12  nrf_drv_twi.o(i.SPI0_TWI0_IRQHandler)
    SWI0_IRQHandler                          0x0001b6b9   Thumb Code     8  app_timer.o(i.SWI0_IRQHandler)
    SWI2_IRQHandler                          0x0001b6c1   Thumb Code    28  softdevice_handler.o(i.SWI2_IRQHandler)
    SystemInit                               0x0001b6e1   Thumb Code   130  system_nrf51.o(i.SystemInit)
    UART0_IRQHandler                         0x0001b781   Thumb Code     8  nrf_drv_uart.o(i.UART0_IRQHandler)
    __scatterload_copy                       0x0001ba87   Thumb Code    14  handlers.o(i.__scatterload_copy)
    __scatterload_null                       0x0001ba95   Thumb Code     2  handlers.o(i.__scatterload_null)
    __scatterload_zeroinit                   0x0001ba97   Thumb Code    14  handlers.o(i.__scatterload_zeroinit)
    adv_data_encode                          0x0001baa5   Thumb Code   534  ble_advdata.o(i.adv_data_encode)
    ak8963_read_registers                    0x0001bd95   Thumb Code    76  mpu9250.o(i.ak8963_read_registers)
    ak8963_write_single                      0x0001bde9   Thumb Code    46  mpu9250.o(i.ak8963_write_single)
    app_error_fault_handler                  0x0001be21   Thumb Code    18  app_error_weak.o(i.app_error_fault_handler)
    app_error_handler_bare                   0x0001be3d   Thumb Code    20  app_error.o(i.app_error_handler_bare)
    app_timer_init                           0x0001be55   Thumb Code   126  app_timer.o(i.app_timer_init)
    ble_advdata_set                          0x0001bee5   Thumb Code   104  ble_advdata.o(i.ble_advdata_set)
    intern_softdevice_events_execute         0x0001c12d   Thumb Code   116  softdevice_handler.o(i.intern_softdevice_events_execute)
    log_rtt_init                             0x0001c47d   Thumb Code    58  nrf_log.o(i.log_rtt_init)
    log_rtt_printf                           0x0001c4d5   Thumb Code    24  nrf_log.o(i.log_rtt_printf)
    main                                     0x0001c4ed   Thumb Code   166  main.o(i.main)
    mpu9250_config                           0x0001c645   Thumb Code    14  mpu9250.o(i.mpu9250_config)
    mpu9250_init                             0x0001c655   Thumb Code    28  mpu9250.o(i.mpu9250_init)
    mpu9250_int_cfg_pin                      0x0001c675   Thumb Code    12  mpu9250.o(i.mpu9250_int_cfg_pin)
    mpu9250_twi_event_handler                0x0001c681   Thumb Code    36  mpu9250.o(i.mpu9250_twi_event_handler)
    mpu9250_write_single                     0x0001c701   Thumb Code    46  mpu9250.o(i.mpu9250_write_single)
    mpu_setup                                0x0001c739   Thumb Code    84  main.o(i.mpu_setup)
    nrf_delay_ms                             0x0001c831   Thumb Code    24  nrf_delay.o(i.nrf_delay_ms)
    nrf_drv_common_irq_enable                0x0001c84d   Thumb Code    78  nrf_drv_common.o(i.nrf_drv_common_irq_enable)
    nrf_drv_twi_enable                       0x0001c8ad   Thumb Code    28  nrf_drv_twi.o(i.nrf_drv_twi_enable)
    nrf_drv_twi_init                         0x0001c8cd   Thumb Code   126  nrf_drv_twi.o(i.nrf_drv_twi_init)
    nrf_drv_twi_rx                           0x0001c95d   Thumb Code    30  nrf_drv_twi.o(i.nrf_drv_twi_rx)
    nrf_drv_twi_tx                           0x0001c981   Thumb Code    36  nrf_drv_twi.o(i.nrf_drv_twi_tx)
    nrf_drv_twi_xfer                         0x0001c9a5   Thumb Code    36  nrf_drv_twi.o(i.nrf_drv_twi_xfer)
    sd_check_ram_start                       0x0001cadd   Thumb Code    44  softdevice_handler.o(i.sd_check_ram_start)
    softdevice_enable                        0x0001cc85   Thumb Code    86  softdevice_handler.o(i.softdevice_enable)
    softdevice_enable_get_default_config     0x0001cd85   Thumb Code    40  softdevice_handler.o(i.softdevice_enable_get_default_config)
    softdevice_fault_handler                 0x0001cdad   Thumb Code     8  softdevice_handler.o(i.softdevice_fault_handler)
    softdevice_handler_init                  0x0001cdb5   Thumb Code    60  softdevice_handler.o(i.softdevice_handler_init)
    twi_handler                              0x0001cfe5   Thumb Code     8  main.o(i.twi_handler)
    twi_init                                 0x0001cfed   Thumb Code    42  main.o(i.twi_init)
    Region$$Table$$Base                      0x0001d5a4   Number         0  anon$$obj.o(Region$$Table)
    Region$$Table$$Limit                     0x0001d5c4   Number         0  anon$$obj.o(Region$$Table)
    Image$$RW_IRAM1$$Base                    0x20001870   Number         0  anon$$obj.o ABSOLUTE
    nrf_nvic_state                           0x200018c8   Data           8  softdevice_handler.o(.data)
    SystemCoreClock                          0x200018d0   Data           4  system_nrf51.o(.data)
    _SEGGER_RTT                              0x200023b4   Data         120  segger_rtt.o(.bss)
    __initial_sp                             0x20002c30   Data           0  arm_startup_nrf51.o(STACK)



==============================================================================

Memory Map of the image

  Image Entry point : 0x0001b0c1

  Load Region LR_IROM1 (Base: 0x0001b000, Size: 0x00002628, Max: 0x00025000, ABSOLUTE)

    Execution Region ER_IROM1 (Base: 0x0001b000, Size: 0x000025c4, Max: 0x00025000, ABSOLUTE)

    Base Addr    Size         Type   Attr      Idx    E Section Name        Object

    0x0001b000   0x000000c0   Data   RO         2046    RESET               arm_startup_nrf51.o
    0x0001b0c0   0x00000000   Code   RO         2088  * .ARM.Collect$$$$00000000  mc_p.l(entry.o)
    0x0001b0c0   0x00000004   Code   RO         2112    .ARM.Collect$$$$00000001  mc_p.l(entry2.o)
    0x0001b0c4   0x00000004   Code   RO         2115    .ARM.Collect$$$$00000004  mc_p.l(entry5.o)
    0x0001b0c8   0x00000000   Code   RO         2117    .ARM.Collect$$$$00000008  mc_p.l(entry7b.o)
    0x0001b0c8   0x00000000   Code   RO         2119    .ARM.Collect$$$$0000000A  mc_p.l(entry8b.o)
    0x0001b0c8   0x00000008   Code   RO         2120    .ARM.Collect$$$$0000000B  mc_p.l(entry9a.o)
    0x0001b0d0   0x00000000   Code   RO         2122    .ARM.Collect$$$$0000000D  mc_p.l(entry10a.o)
    0x0001b0d0   0x00000000   Code   RO         2124    .ARM.Collect$$$$0000000F  mc_p.l(entry11a.o)
    0x0001b0d0   0x00000004   Code   RO         2113    .ARM.Collect$$$$00002712  mc_p.l(entry2.o)
    0x0001b0d4   0x0000001e   Code   RO          633    .emb_text           nrf_delay.o
    0x0001b0f2   0x00000002   PAD
    0x0001b0f4   0x0000001e   Code   RO         1052    .emb_text           nrf_drv_twi.o
    0x0001b112   0x00000002   PAD
    0x0001b114   0x0000001e   Code   RO         1387    .emb_text           app_timer.o
    0x0001b132   0x00000002   PAD
    0x0001b134   0x00000038   Code   RO         2047    .text               arm_startup_nrf51.o
    0x0001b16c   0x0000002c   Code   RO         2096    .text               mc_p.l(uidiv.o)
    0x0001b198   0x00000028   Code   RO         2098    .text               mc_p.l(idiv.o)
    0x0001b1c0   0x00000024   Code   RO         2100    .text               mc_p.l(memcpya.o)
    0x0001b1e4   0x00000024   Code   RO         2102    .text               mc_p.l(memseta.o)
    0x0001b208   0x00000012   Code   RO         2108    .text               mc_p.l(strcpy.o)
    0x0001b21a   0x00000002   PAD
    0x0001b21c   0x00000024   Code   RO         2128    .text               mc_p.l(init.o)
    0x0001b240   0x00000154   Code   RO          694    i.GPIOTE_IRQHandler  nrf_drv_gpiote.o
    0x0001b394   0x00000044   Code   RO         1388    i.NVIC_SetPriority  app_timer.o
    0x0001b3d8   0x00000020   Code   RO         1389    i.RTC1_IRQHandler   app_timer.o
    0x0001b3f8   0x0000004c   Code   RO         1772    i.SEGGER_RTT_ConfigDownBuffer  segger_rtt.o
    0x0001b444   0x0000004c   Code   RO         1773    i.SEGGER_RTT_ConfigUpBuffer  segger_rtt.o
    0x0001b490   0x00000024   Code   RO         1785    i.SEGGER_RTT_Write  segger_rtt.o
    0x0001b4b4   0x0000005c   Code   RO         1786    i.SEGGER_RTT_WriteNoLock  segger_rtt.o
    0x0001b510   0x00000194   Code   RO         1911    i.SEGGER_RTT_vprintf  segger_rtt_printf.o
    0x0001b6a4   0x00000014   Code   RO         1053    i.SPI0_TWI0_IRQHandler  nrf_drv_twi.o
    0x0001b6b8   0x00000008   Code   RO         1390    i.SWI0_IRQHandler   app_timer.o
    0x0001b6c0   0x00000020   Code   RO         1946    i.SWI2_IRQHandler   softdevice_handler.o
    0x0001b6e0   0x000000a0   Code   RO         2054    i.SystemInit        system_nrf51.o
    0x0001b780   0x00000008   Code   RO          884    i.UART0_IRQHandler  nrf_drv_uart.o
    0x0001b788   0x0000006c   Code   RO         1789    i._DoInit           segger_rtt.o
    0x0001b7f4   0x00000016   Code   RO         1790    i._GetAvailWriteSpace  segger_rtt.o
    0x0001b80a   0x000000c8   Code   RO         1912    i._PrintInt         segger_rtt_printf.o
    0x0001b8d2   0x00000002   PAD
    0x0001b8d4   0x000000d8   Code   RO         1913    i._PrintUnsigned    segger_rtt_printf.o
    0x0001b9ac   0x0000003e   Code   RO         1914    i._StoreChar        segger_rtt_printf.o
    0x0001b9ea   0x00000060   Code   RO         1792    i._WriteBlocking    segger_rtt.o
    0x0001ba4a   0x0000003c   Code   RO         1793    i._WriteNoCheck     segger_rtt.o
    0x0001ba86   0x0000000e   Code   RO         2132    i.__scatterload_copy  mc_p.l(handlers.o)
    0x0001ba94   0x00000002   Code   RO         2133    i.__scatterload_null  mc_p.l(handlers.o)
    0x0001ba96   0x0000000e   Code   RO         2134    i.__scatterload_zeroinit  mc_p.l(handlers.o)
    0x0001baa4   0x00000216   Code   RO          349    i.adv_data_encode   ble_advdata.o
    0x0001bcba   0x00000002   PAD
    0x0001bcbc   0x000000d8   Code   RO            4    i.advertising_init  main.o
    0x0001bd94   0x00000054   Code   RO          235    i.ak8963_read_registers  mpu9250.o
    0x0001bde8   0x00000038   Code   RO          236    i.ak8963_write_single  mpu9250.o
    0x0001be20   0x0000001c   Code   RO         1295    i.app_error_fault_handler  app_error_weak.o
    0x0001be3c   0x00000018   Code   RO         1260    i.app_error_handler_bare  app_error.o
    0x0001be54   0x00000090   Code   RO         1394    i.app_timer_init    app_timer.o
    0x0001bee4   0x00000068   Code   RO          350    i.ble_advdata_set   ble_advdata.o
    0x0001bf4c   0x0000005e   Code   RO          351    i.ble_device_addr_encode  ble_advdata.o
    0x0001bfaa   0x00000002   PAD
    0x0001bfac   0x00000010   Code   RO          697    i.channel_port_get  nrf_drv_gpiote.o
    0x0001bfbc   0x000000a8   Code   RO         1398    i.compare_reg_update  app_timer.o
    0x0001c064   0x00000088   Code   RO          352    i.conn_int_encode   ble_advdata.o
    0x0001c0ec   0x00000040   Code   RO         1399    i.elapsed_ticks_acquire  app_timer.o
    0x0001c12c   0x00000078   Code   RO         1947    i.intern_softdevice_events_execute  softdevice_handler.o
    0x0001c1a4   0x000000ac   Code   RO         1054    i.irq_handler_twi   nrf_drv_twi.o
    0x0001c250   0x00000048   Code   RO         2055    i.is_manual_peripheral_setup_needed  system_nrf51.o
    0x0001c298   0x00000054   Code   RO          353    i.le_role_encode    ble_advdata.o
    0x0001c2ec   0x000000bc   Code   RO         1400    i.list_deletions_handler  app_timer.o
    0x0001c3a8   0x000000d4   Code   RO         1401    i.list_insertions_handler  app_timer.o
    0x0001c47c   0x00000058   Code   RO         1600    i.log_rtt_init      nrf_log.o
    0x0001c4d4   0x00000018   Code   RO         1601    i.log_rtt_printf    nrf_log.o
    0x0001c4ec   0x000000f0   Code   RO            6    i.main              main.o
    0x0001c5dc   0x00000068   Code   RO          354    i.manuf_specific_data_encode  ble_advdata.o
    0x0001c644   0x0000000e   Code   RO          237    i.mpu9250_config    mpu9250.o
    0x0001c652   0x00000002   PAD
    0x0001c654   0x00000020   Code   RO          238    i.mpu9250_init      mpu9250.o
    0x0001c674   0x0000000c   Code   RO          239    i.mpu9250_int_cfg_pin  mpu9250.o
    0x0001c680   0x00000028   Code   RO          246    i.mpu9250_twi_event_handler  mpu9250.o
    0x0001c6a8   0x00000058   Code   RO          247    i.mpu9250_write_burst  mpu9250.o
    0x0001c700   0x00000038   Code   RO          248    i.mpu9250_write_single  mpu9250.o
    0x0001c738   0x00000058   Code   RO            7    i.mpu_setup         main.o
    0x0001c790   0x0000009e   Code   RO          355    i.name_encode       ble_advdata.o
    0x0001c82e   0x00000002   PAD
    0x0001c830   0x0000001c   Code   RO          634    i.nrf_delay_ms      nrf_delay.o
    0x0001c84c   0x00000060   Code   RO          661    i.nrf_drv_common_irq_enable  nrf_drv_common.o
    0x0001c8ac   0x00000020   Code   RO         1057    i.nrf_drv_twi_enable  nrf_drv_twi.o
    0x0001c8cc   0x00000090   Code   RO         1058    i.nrf_drv_twi_init  nrf_drv_twi.o
    0x0001c95c   0x00000024   Code   RO         1059    i.nrf_drv_twi_rx    nrf_drv_twi.o
    0x0001c980   0x00000024   Code   RO         1062    i.nrf_drv_twi_tx    nrf_drv_twi.o
    0x0001c9a4   0x00000028   Code   RO         1064    i.nrf_drv_twi_xfer  nrf_drv_twi.o
    0x0001c9cc   0x00000020   Code   RO          719    i.nrf_gpio_cfg_sense_set  nrf_drv_gpiote.o
    0x0001c9ec   0x00000010   Code   RO         1065    i.nrf_gpio_pin_set  nrf_drv_twi.o
    0x0001c9fc   0x00000014   Code   RO          720    i.nrf_gpiote_event_is_set  nrf_drv_gpiote.o
    0x0001ca10   0x0000000a   Code   RO         1066    i.nrf_twi_event_check  nrf_drv_twi.o
    0x0001ca1a   0x0000000a   Code   RO          901    i.nrf_uart_event_check  nrf_drv_uart.o
    0x0001ca24   0x00000010   Code   RO          902    i.nrf_uart_int_enable_check  nrf_drv_uart.o
    0x0001ca34   0x00000010   Code   RO         1948    i.ram_end_address_get  softdevice_handler.o
    0x0001ca44   0x00000044   Code   RO         1402    i.rtc1_stop         app_timer.o
    0x0001ca88   0x00000038   Code   RO          903    i.rx_byte           nrf_drv_uart.o
    0x0001cac0   0x0000001c   Code   RO          904    i.rx_done_event     nrf_drv_uart.o
    0x0001cadc   0x0000008c   Code   RO         1949    i.sd_check_ram_start  softdevice_handler.o
    0x0001cb68   0x0000008c   Code   RO         1950    i.sd_nvic_EnableIRQ  softdevice_handler.o
    0x0001cbf4   0x0000008e   Code   RO          356    i.service_data_encode  ble_advdata.o
    0x0001cc82   0x00000002   PAD
    0x0001cc84   0x00000100   Code   RO         1952    i.softdevice_enable  softdevice_handler.o
    0x0001cd84   0x00000028   Code   RO         1953    i.softdevice_enable_get_default_config  softdevice_handler.o
    0x0001cdac   0x00000008   Code   RO         1954    i.softdevice_fault_handler  softdevice_handler.o
    0x0001cdb4   0x00000044   Code   RO         1955    i.softdevice_handler_init  softdevice_handler.o
    0x0001cdf8   0x00000084   Code   RO         1403    i.timer_list_handler  app_timer.o
    0x0001ce7c   0x00000010   Code   RO         1404    i.timer_list_handler_sched  app_timer.o
    0x0001ce8c   0x00000040   Code   RO         1405    i.timer_list_insert  app_timer.o
    0x0001cecc   0x00000080   Code   RO         1406    i.timer_timeouts_check  app_timer.o
    0x0001cf4c   0x00000098   Code   RO         1067    i.twi_clear_bus     nrf_drv_twi.o
    0x0001cfe4   0x00000008   Code   RO            8    i.twi_handler       main.o
    0x0001cfec   0x00000034   Code   RO            9    i.twi_init          main.o
    0x0001d020   0x0000008c   Code   RO         1068    i.twi_rx_start_transfer  nrf_drv_twi.o
    0x0001d0ac   0x0000002e   Code   RO         1069    i.twi_send_byte     nrf_drv_twi.o
    0x0001d0da   0x00000106   Code   RO         1070    i.twi_transfer      nrf_drv_twi.o
    0x0001d1e0   0x0000008c   Code   RO         1071    i.twi_tx_start_transfer  nrf_drv_twi.o
    0x0001d26c   0x0000008c   Code   RO         1072    i.twi_xfer          nrf_drv_twi.o
    0x0001d2f8   0x0000002c   Code   RO          906    i.tx_byte           nrf_drv_uart.o
    0x0001d324   0x00000020   Code   RO          907    i.tx_done_event     nrf_drv_uart.o
    0x0001d344   0x00000128   Code   RO          908    i.uart_irq_handler  nrf_drv_uart.o
    0x0001d46c   0x0000000a   Code   RO          357    i.uint16_encode     ble_advdata.o
    0x0001d476   0x00000030   Code   RO          358    i.uuid_list_encode  ble_advdata.o
    0x0001d4a6   0x000000ae   Code   RO          359    i.uuid_list_sized_encode  ble_advdata.o
    0x0001d554   0x00000024   Data   RO           11    .constdata          main.o
    0x0001d578   0x0000001c   Data   RO         1074    .constdata          nrf_drv_twi.o
    0x0001d594   0x00000010   Data   RO         1915    .constdata          segger_rtt_printf.o
    0x0001d5a4   0x00000020   Data   RO         2130    Region$$Table       anon$$obj.o


    Execution Region RW_IRAM1 (Base: 0x20001870, Size: 0x000013c0, Max: 0x00006790, ABSOLUTE)

    Base Addr    Size         Type   Attr      Idx    E Section Name        Object

    0x20001870   0x00000017   Data   RW           12    .data               main.o
    0x20001887   0x00000001   PAD
    0x20001888   0x00000008   Data   RW          250    .data               mpu9250.o
    0x20001890   0x00000020   Data   RW         1409    .data               app_timer.o
    0x200018b0   0x00000004   Data   RW         1606    .data               nrf_log.o
    0x200018b4   0x0000001c   Data   RW         1959    .data               softdevice_handler.o
    0x200018d0   0x00000004   Data   RW         2056    .data               system_nrf51.o
    0x200018d4   0x00000228   Zero   RW           10    .bss                main.o
    0x20001afc   0x00000048   Zero   RW          723    .bss                nrf_drv_gpiote.o
    0x20001b44   0x0000001c   Zero   RW          909    .bss                nrf_drv_uart.o
    0x20001b60   0x00000028   Zero   RW         1073    .bss                nrf_drv_twi.o
    0x20001b88   0x0000041b   Zero   RW         1605    .bss                nrf_log.o
    0x20001fa3   0x00000001   PAD
    0x20001fa4   0x00000488   Zero   RW         1794    .bss                segger_rtt.o
    0x2000242c   0x00000004   PAD
    0x20002430   0x00000800   Zero   RW         2044    STACK               arm_startup_nrf51.o


==============================================================================

Image component sizes


      Code (inc. data)   RO Data    RW Data    ZI Data      Debug   Object Name

        24          4          0          0          0       2229   app_error.o
        28         10          0          0          0       7098   app_error_weak.o
      1322        122          0         32          0      26161   app_timer.o
        56         18        192          0       2048        712   arm_startup_nrf51.o
      1588          6          0          0          0      20268   ble_advdata.o
       604        146         36         23        552      81552   main.o
       382         44          0          8          0       6475   mpu9250.o
        58          4          0          0          0       1783   nrf_delay.o
        96         18          0          0          0       8624   nrf_drv_common.o
       408         46          0          0         72      13944   nrf_drv_gpiote.o
      1416         70         28          0         40      28688   nrf_drv_twi.o
       490         58          0          0         28      14309   nrf_drv_uart.o
       112         30          0          4       1051       4593   nrf_log.o
       566         56          0          0       1160      10894   segger_rtt.o
       882          6         16          0          0       6017   segger_rtt_printf.o
       820        306          0         28          0      18935   softdevice_handler.o
       232         36          0          4          0       2363   system_nrf51.o

    ----------------------------------------------------------------------
      9102        980        304        100       4956     254645   Object Totals
         0          0         32          0          0          0   (incl. Generated)
        18          0          0          1          5          0   (incl. Padding)

    ----------------------------------------------------------------------

      Code (inc. data)   RO Data    RW Data    ZI Data      Debug   Library Member Name

         0          0          0          0          0          0   entry.o
         0          0          0          0          0          0   entry10a.o
         0          0          0          0          0          0   entry11a.o
         8          4          0          0          0          0   entry2.o
         4          0          0          0          0          0   entry5.o
         0          0          0          0          0          0   entry7b.o
         0          0          0          0          0          0   entry8b.o
         8          4          0          0          0          0   entry9a.o
        30          0          0          0          0          0   handlers.o
        40          0          0          0          0         72   idiv.o
        36          8          0          0          0         68   init.o
        36          0          0          0          0         60   memcpya.o
        36          0          0          0          0        100   memseta.o
        18          0          0          0          0         60   strcpy.o
        44          0          0          0          0         72   uidiv.o

    ----------------------------------------------------------------------
       262         16          0          0          0        432   Library Totals
         2          0          0          0          0          0   (incl. Padding)

    ----------------------------------------------------------------------

      Code (inc. data)   RO Data    RW Data    ZI Data      Debug   Library Name

       260         16          0          0          0        432   mc_p.l

    ----------------------------------------------------------------------
       262         16          0          0          0        432   Library Totals

    ----------------------------------------------------------------------

==============================================================================


      Code (inc. data)   RO Data    RW Data    ZI Data      Debug   

      9364        996        304        100       4956     250893   Grand Totals
      9364        996        304        100       4956     250893   ELF Image Totals
      9364        996        304        100          0          0   ROM Totals

==============================================================================

    Total RO  Size (Code + RO Data)                 9668 (   9.44kB)
    Total RW  Size (RW Data + ZI Data)              5056 (   4.94kB)
    Total ROM Size (Code + RO Data + RW Data)       9768 (   9.54kB)

==============================================================================

